PS D:\Shakhzod\Javascript\Probox_TelegramBot> docker logs -f probox_bot
Running database migrations...

> probox_telegrambot@1.0.0 db:migrate
> node -r ts-node/register ./node_modules/knex/bin/cli.js --knexfile knexfile.ts migrate:latest

[dotenv@17.2.3] injecting env (0) from .env -- tip: 🗂️ backup and recover secrets: https://dotenvx.com/ops
Using environment: production
Already up to date
Starting application...

> probox_telegrambot@1.0.0 start
> node dist/src/server.js

[dotenv@17.2.3] injecting env (0) from .env -- tip: 🔑 add access controls to secrets: https://dotenvx.com/ops
[dotenv@17.2.3] injecting env (0) from .env -- tip: ⚙️  write to custom object with { processEnv: myObject }
[INFO] 2026-04-13T11:03:29.143Z - [MINIO] Service initialized. endpoint=http://localhost:9000 bucket=probox-bot-db
[INFO] 2026-04-13T11:03:30.056Z - Starting database schema validation...
[INFO] 2026-04-13T11:03:30.073Z - Successfully connected to Redis
[INFO] 2026-04-13T11:03:30.229Z - Found 24 completed and 0 pending migrations.
[INFO] 2026-04-13T11:03:30.229Z - Validating columns for table: coupons...
[INFO] 2026-04-13T11:03:30.303Z - Validating columns for table: message_templates...
[INFO] 2026-04-13T11:03:30.353Z - Validating columns for table: promotions...
[INFO] 2026-04-13T11:03:30.396Z - Validating columns for table: coupon_registration_events...
[INFO] 2026-04-13T11:03:30.459Z - Validating columns for table: referrals...
[INFO] 2026-04-13T11:03:30.496Z - Validating columns for table: referral_reward_logs...
[INFO] 2026-04-13T11:03:30.524Z - Validating columns for table: faqs...
[INFO] 2026-04-13T11:03:30.667Z - HTTP API listening on http://0.0.0.0:3000
[INFO] 2026-04-13T11:03:30.667Z - Starting Telegram bot...
[INFO] 2026-04-13T11:03:31.274Z - Bot @probox_service_bot started!
[INFO] 2026-04-13T11:03:31.275Z - 🕐 [CRON] SAP sync job scheduled: 0 6 * * *
[INFO] 2026-04-13T11:03:31.297Z - [CRON] Payment reminder job scheduled: 1 13 * * * (Asia/Tashkent)
[DEBUG] 2026-04-13T11:03:48.294Z - Incoming update 516923060: {
  update_id: 516923060,
  message: {
    message_id: 6210,
    from: {
      id: 5672248725,
      is_bot: false,
      first_name: 'Shaxzod',
      last_name: 'Rashidov',
      username: 'shaxzod_rashid',
      language_code: 'en'
    },
    chat: {
      id: 5672248725,
      first_name: 'Shaxzod',
      last_name: 'Rashidov',
      username: 'shaxzod_rashid',
      type: 'private'
    },
    date: 1776078230,
    text: '/start',
    entities: [ { offset: 0, length: 6, type: 'bot_command' } ]
  }
}
[INFO] 2026-04-13T11:03:48.313Z - [INFO] User started the bot - Telegram ID: 5672248725, Username: @shaxzod_rashid
[INFO] 2026-04-13T11:03:48.494Z - Update 516923060 processed in 200ms
[DEBUG] 2026-04-13T11:03:49.390Z - Incoming update 516923061: {
  update_id: 516923061,
  message: {
    message_id: 6212,
    from: {
      id: 5672248725,
      is_bot: false,
      first_name: 'Shaxzod',
      last_name: 'Rashidov',
      username: 'shaxzod_rashid',
      language_code: 'en'
    },
    chat: {
      id: 5672248725,
      first_name: 'Shaxzod',
      last_name: 'Rashidov',
      username: 'shaxzod_rashid',
      type: 'private'
    },
    date: 1776078231,
    text: '📨 Xabar shablonlari'
  }
}
[INFO] 2026-04-13T11:03:49.546Z - Update 516923061 processed in 156ms
[DEBUG] 2026-04-13T11:03:51.111Z - Incoming update 516923062: {
  update_id: 516923062,
  callback_query: {
    id: '5915378697205755372',
    from: {
      id: 5672248725,
      is_bot: false,
      first_name: 'Shaxzod',
      last_name: 'Rashidov',
      username: 'shaxzod_rashid',
      language_code: 'en'
    },
    message: {
      message_id: 6213,
      from: {
        id: 8564784768,
        is_bot: true,
        first_name: 'Probox',
        username: 'probox_service_bot'
      },
      chat: {
        id: 5672248725,
        first_name: 'Shaxzod',
        last_name: 'Rashidov',
        username: 'shaxzod_rashid',
        type: 'private'
      },
      date: 1776078232,
      text: '📨 Xabar shablonlari',
      reply_markup: {
        inline_keyboard: [
          [
            {
              text: '🟢 Mahsulot xarid qilganda',
              callback_data: 'atpd:1'
            }
          ],
          [
            {
              text: "➕ Shabloni qo'shish",
              callback_data: 'admin_template_create'
            }
          ],
          [
            {
              text: '🔙 Menyuga qaytish',
              callback_data: 'admin_back_to_menu'
            }
          ]
        ]
      }
    },
    chat_instance: '4515877863262994717',
    data: 'admin_back_to_menu'
  }
}
[INFO] 2026-04-13T11:03:51.827Z - Update 516923062 processed in 716ms
[DEBUG] 2026-04-13T11:04:09.092Z - Incoming update 516923063: {
  update_id: 516923063,
  message: {
    message_id: 6215,
    from: {
      id: 5672248725,
      is_bot: false,
      first_name: 'Shaxzod',
      last_name: 'Rashidov',
      username: 'shaxzod_rashid',
      language_code: 'en'
    },
    chat: {
      id: 5672248725,
      first_name: 'Shaxzod',
      last_name: 'Rashidov',
      username: 'shaxzod_rashid',
      type: 'private'
    },
    date: 1776078251,
    text: 'Assalomu alaykum. iPhone 17 olmoqchiman, sizlarda bormi'
  }
}
[INFO] 2026-04-13T11:04:09.110Z - [FAQ_ROUTING] Resolving support question="Assalomu alaykum. iPhone 17 olmoqchiman, sizlarda bormi"
[DEBUG] 2026-04-13T11:04:09.119Z - [FAQ_EXACT] Checked 7 published FAQs for question="Assalomu alaykum. iPhone 17 olmoqchiman, sizlarda bormi"; matched=none
[INFO] 2026-04-13T11:04:09.119Z - [FAQ_ROUTING] No exact FAQ match found for question="Assalomu alaykum. iPhone 17 olmoqchiman, sizlarda bormi"
[INFO] 2026-04-13T11:04:09.119Z - [FAQ_SEMANTIC] Searching candidates for question="Assalomu alaykum. iPhone 17 olmoqchiman, sizlarda bormi" limit=5 maxDistance=0.3500
[ERROR] 2026-04-13T11:04:12.564Z - Error processing support request: AxiosError: Request failed with status code 429
    at settle (/app/node_modules/axios/dist/node/axios.cjs:2106:12)
    at Unzip.handleStreamEnd (/app/node_modules/axios/dist/node/axios.cjs:3491:11)
    at Unzip.emit (node:events:524:28)
    at endReadableNT (node:internal/streams/readable:1698:12)
    at process.processTicksAndRejections (node:internal/process/task_queues:82:21)
    at Axios.request (/app/node_modules/axios/dist/node/axios.cjs:4731:41)
    at process.processTicksAndRejections (node:internal/process/task_queues:95:5)
    at async GeminiService.withRetry (/app/dist/src/services/gemini.service.js:42:24)
    at async GeminiService.embedText (/app/dist/src/services/gemini.service.js:176:26)
    at async FaqEmbeddingService.embedQuestionQuery (/app/dist/src/services/faq-embedding.service.js:22:27)
    at async FaqService.findSemanticFaqCandidatesByQuestion (/app/dist/src/services/faq.service.js:206:31)
    at async FaqRoutingService.resolveSupportFaq (/app/dist/src/services/faq-routing.service.js:33:28)
    at async processSupportRequest (/app/dist/src/utils/support.util.js:252:31)
    at async /app/dist/src/bot.js:465:9
    at async /app/node_modules/grammy/out/composer.js:578:13
    at async /app/node_modules/grammy/out/composer.js:62:13
    at async /app/node_modules/grammy/out/composer.js:578:13
    at async /app/node_modules/grammy/out/composer.js:62:13
    at async /app/node_modules/grammy/out/composer.js:578:13
    at async /app/node_modules/grammy/out/composer.js:62:13
    at async /app/node_modules/grammy/out/composer.js:578:13 {
  code: 'ERR_BAD_REQUEST',
  config: {
    transitional: {
      silentJSONParsing: true,
      forcedJSONParsing: true,
      clarifyTimeoutError: false
    },
    adapter: [ 'xhr', 'http', 'fetch' ],
    transformRequest: [ [Function: transformRequest] ],
    transformResponse: [ [Function: transformResponse] ],
    timeout: 60000,
    xsrfCookieName: 'XSRF-TOKEN',
    xsrfHeaderName: 'X-XSRF-TOKEN',
    maxContentLength: -1,
    maxBodyLength: -1,
    env: {
      FormData: [Function: FormData] {
        LINE_BREAK: '\r\n',
        DEFAULT_CONTENT_TYPE: 'application/octet-stream'
      },
      Blob: [class Blob]
    },
    validateStatus: [Function: validateStatus],
    headers: Object [AxiosHeaders] {
      Accept: 'application/json, text/plain, */*',
      'Content-Type': 'application/json',
      'User-Agent': 'axios/1.13.2',
      'Content-Length': '191',
      'Accept-Encoding': 'gzip, compress, deflate, br'
    },
    baseURL: 'https://generativelanguage.googleapis.com/v1beta/models',
    params: { key: 'AIzaSyAmqPIIk0S-QQeJRHt_zdS4JSZWn4th8uk' },
    method: 'post',
    url: '/gemini-embedding-2-preview:embedContent',
    data: '{"model":"models/gemini-embedding-2-preview","content":{"parts":[{"text":"Assalomu alaykum. iPhone 17 olmoqchiman, sizlarda bormi"}]},"taskType":"RETRIEVAL_QUERY","outputDimensionality":1536}',
    allowAbsoluteUrls: true
  },
  request: <ref *4> ClientRequest {
    _events: [Object: null prototype] {
      abort: [Function (anonymous)],
      aborted: [Function (anonymous)],
      connect: [Function (anonymous)],
      error: [Function (anonymous)],
      socket: [Function (anonymous)],
      timeout: [Function (anonymous)],
      finish: [Function: requestOnFinish]
    },
    _eventsCount: 7,
    _maxListeners: undefined,
    outputData: [],
    outputSize: 0,
    writable: true,
    destroyed: true,
    _last: false,
    chunkedEncoding: false,
    shouldKeepAlive: true,
    maxRequestsOnConnectionReached: false,
    _defaultKeepAlive: true,
    useChunkedEncodingByDefault: true,
    sendDate: false,
    _removedConnection: false,
    _removedContLen: false,
    _removedTE: false,
    strictContentLength: false,
    _contentLength: 191,
    _hasBody: true,
    _trailer: '',
    finished: true,
    _headerSent: true,
    _closed: true,
    socket: <ref *1> TLSSocket {
      _tlsOptions: {
        allowHalfOpen: undefined,
        pipe: false,
        secureContext: SecureContext { context: SecureContext {} },
        isServer: false,
        requestCert: true,
        rejectUnauthorized: true,
        session: undefined,
        ALPNProtocols: undefined,
        requestOCSP: undefined,
        enableTrace: undefined,
        pskCallback: undefined,
        highWaterMark: undefined,
        onread: undefined,
        signal: undefined
      },
      _secureEstablished: true,
      _securePending: false,
      _newSessionPending: false,
      _controlReleased: true,
      secureConnecting: false,
      _SNICallback: null,
      servername: 'generativelanguage.googleapis.com',
      alpnProtocol: false,
      authorized: true,
      authorizationError: null,
      encrypted: true,
      _events: [Object: null prototype] {
        close: [
          [Function: onSocketCloseDestroySSL],
          [Function: bound onceWrapper] {
            listener: [Function (anonymous)]
          },
          [Function: onClose]
        ],
        end: [Function: onReadableStreamEnd],
        error: [Function: bound onceWrapper] {
          listener: [Function: freeSocketErrorListener]
        },
        newListener: [Function: keylogNewListener],
        connect: undefined,
        secure: [Function: onConnectSecure],
        session: [Function (anonymous)],
        free: [Function: onFree],
        timeout: [ [Function: onTimeout], [Function (anonymous)] ],
        agentRemove: [Function: onRemove],
        data: undefined,
        drain: undefined
      },
      _eventsCount: 9,
      connecting: false,
      _hadError: false,
      _parent: null,
      _host: 'generativelanguage.googleapis.com',
      _closeAfterHandlingError: false,
      _readableState: ReadableState {
        highWaterMark: 16384,
        buffer: [],
        bufferIndex: 0,
        length: 0,
        pipes: [],
        awaitDrainWriters: null,
        [Symbol(kState)]: 60303620
      },
      _writableState: WritableState {
        highWaterMark: 16384,
        length: 0,
        corked: 0,
        onwrite: [Function: bound onwrite],
        writelen: 0,
        bufferedIndex: 0,
        pendingcb: 0,
        [Symbol(kState)]: 17563908,
        [Symbol(kBufferedValue)]: null,
        [Symbol(kWriteCbValue)]: null
      },
      allowHalfOpen: false,
      _maxListeners: undefined,
      _sockname: null,
      _pendingData: null,
      _pendingEncoding: '',
      server: undefined,
      _server: null,
      ssl: <ref *2> TLSWrap {
        _parent: TCP {
          reading: [Getter/Setter],
          onconnection: null,
          [Symbol(owner_symbol)]: [Circular *1]
        },
        _parentWrap: null,
        _secureContext: SecureContext { context: SecureContext {} },
        reading: true,
        onkeylog: [Function: onkeylog],
        onhandshakestart: [Function: noop],
        onhandshakedone: [Function (anonymous)],
        onocspresponse: [Function: onocspresponse],
        onnewsession: [Function: onnewsessionclient],
        onerror: [Function: onerror],
        [Symbol(owner_symbol)]: [Circular *1],
        [Symbol(resource_symbol)]: ReusedHandle { type: 57, handle: [Circular *2] }
      },
      _requestCert: true,
      _rejectUnauthorized: true,
      timeout: 5000,
      parser: null,
      _httpMessage: null,
      autoSelectFamilyAttemptedAddresses: [ '142.250.74.10:443' ],
      [Symbol(alpncallback)]: null,
      [Symbol(res)]: <ref *2> TLSWrap {
        _parent: TCP {
          reading: [Getter/Setter],
          onconnection: null,
          [Symbol(owner_symbol)]: [Circular *1]
        },
        _parentWrap: null,
        _secureContext: SecureContext { context: SecureContext {} },
        reading: true,
        onkeylog: [Function: onkeylog],
        onhandshakestart: [Function: noop],
        onhandshakedone: [Function (anonymous)],
        onocspresponse: [Function: onocspresponse],
        onnewsession: [Function: onnewsessionclient],
        onerror: [Function: onerror],
        [Symbol(owner_symbol)]: [Circular *1],
        [Symbol(resource_symbol)]: ReusedHandle { type: 57, handle: [Circular *2] }
      },
      [Symbol(verified)]: true,
      [Symbol(pendingSession)]: null,
      [Symbol(async_id_symbol)]: -1,
      [Symbol(kHandle)]: <ref *2> TLSWrap {
        _parent: TCP {
          reading: [Getter/Setter],
          onconnection: null,
          [Symbol(owner_symbol)]: [Circular *1]
        },
        _parentWrap: null,
        _secureContext: SecureContext { context: SecureContext {} },
        reading: true,
        onkeylog: [Function: onkeylog],
        onhandshakestart: [Function: noop],
        onhandshakedone: [Function (anonymous)],
        onocspresponse: [Function: onocspresponse],
        onnewsession: [Function: onnewsessionclient],
        onerror: [Function: onerror],
        [Symbol(owner_symbol)]: [Circular *1],
        [Symbol(resource_symbol)]: ReusedHandle { type: 57, handle: [Circular *2] }
      },
      [Symbol(lastWriteQueueSize)]: 0,
      [Symbol(timeout)]: Timeout {
        _idleTimeout: 5000,
        _idlePrev: [TimersList],
        _idleNext: [TimersList],
        _idleStart: 43836,
        _onTimeout: [Function: bound ],
        _timerArgs: undefined,
        _repeat: null,
        _destroyed: false,
        [Symbol(refed)]: false,
        [Symbol(kHasPrimitive)]: false,
        [Symbol(asyncId)]: 901,
        [Symbol(triggerId)]: 899
      },
      [Symbol(kBuffer)]: null,
      [Symbol(kBufferCb)]: null,
      [Symbol(kBufferGen)]: null,
      [Symbol(shapeMode)]: true,
      [Symbol(kCapture)]: false,
      [Symbol(kSetNoDelay)]: false,
      [Symbol(kSetKeepAlive)]: true,
      [Symbol(kSetKeepAliveInitialDelay)]: 1,
      [Symbol(kBytesRead)]: 0,
      [Symbol(kBytesWritten)]: 0,
      [Symbol(connect-options)]: {
        rejectUnauthorized: true,
        ciphers: 'TLS_AES_256_GCM_SHA384:TLS_CHACHA20_POLY1305_SHA256:TLS_AES_128_GCM_SHA256:ECDHE-RSA-AES128-GCM-SHA256:ECDHE-ECDSA-AES128-GCM-SHA256:ECDHE-RSA-AES256-GCM-SHA384:ECDHE-ECDSA-AES256-GCM-SHA384:DHE-RSA-AES128-GCM-SHA256:ECDHE-RSA-AES128-SHA256:DHE-RSA-AES128-SHA256:ECDHE-RSA-AES256-SHA384:DHE-RSA-AES256-SHA384:ECDHE-RSA-AES256-SHA256:DHE-RSA-AES256-SHA256:HIGH:!aNULL:!eNULL:!EXPORT:!DES:!RC4:!MD5:!PSK:!SRP:!CAMELLIA',
        checkServerIdentity: [Function: checkServerIdentity],
        minDHSize: 1024,
        maxRedirects: 21,
        maxBodyLength: Infinity,
        protocol: 'https:',
        path: null,
        method: 'POST',
        headers: [Object: null prototype] {
          Accept: 'application/json, text/plain, */*',
          'Content-Type': 'application/json',
          'User-Agent': 'axios/1.13.2',
          'Content-Length': '191',
          'Accept-Encoding': 'gzip, compress, deflate, br'
        },
        agents: { http: undefined, https: undefined },
        auth: undefined,
        family: undefined,
        beforeRedirect: [Function: dispatchBeforeRedirect],
        beforeRedirects: { proxy: [Function: beforeRedirect] },
        http2Options: undefined,
        hostname: 'generativelanguage.googleapis.com',
        port: 443,
        agent: undefined,
        nativeProtocols: {
          'http:': {
            _connectionListener: [Function: connectionListener],
            METHODS: [
              'ACL',        'BIND',        'CHECKOUT',
              'CONNECT',    'COPY',        'DELETE',
              'GET',        'HEAD',        'LINK',
              'LOCK',       'M-SEARCH',    'MERGE',
              'MKACTIVITY', 'MKCALENDAR',  'MKCOL',
              'MOVE',       'NOTIFY',      'OPTIONS',
              'PATCH',      'POST',        'PROPFIND',
              'PROPPATCH',  'PURGE',       'PUT',
              'QUERY',      'REBIND',      'REPORT',
              'SEARCH',     'SOURCE',      'SUBSCRIBE',
              'TRACE',      'UNBIND',      'UNLINK',
              'UNLOCK',     'UNSUBSCRIBE'
            ],
            STATUS_CODES: {
              '100': 'Continue',
              '101': 'Switching Protocols',
              '102': 'Processing',
              '103': 'Early Hints',
              '200': 'OK',
              '201': 'Created',
              '202': 'Accepted',
              '203': 'Non-Authoritative Information',
              '204': 'No Content',
              '205': 'Reset Content',
              '206': 'Partial Content',
              '207': 'Multi-Status',
              '208': 'Already Reported',
              '226': 'IM Used',
              '300': 'Multiple Choices',
              '301': 'Moved Permanently',
              '302': 'Found',
              '303': 'See Other',
              '304': 'Not Modified',
              '305': 'Use Proxy',
              '307': 'Temporary Redirect',
              '308': 'Permanent Redirect',
              '400': 'Bad Request',
              '401': 'Unauthorized',
              '402': 'Payment Required',
              '403': 'Forbidden',
              '404': 'Not Found',
              '405': 'Method Not Allowed',
              '406': 'Not Acceptable',
              '407': 'Proxy Authentication Required',
              '408': 'Request Timeout',
              '409': 'Conflict',
              '410': 'Gone',
              '411': 'Length Required',
              '412': 'Precondition Failed',
              '413': 'Payload Too Large',
              '414': 'URI Too Long',
              '415': 'Unsupported Media Type',
              '416': 'Range Not Satisfiable',
              '417': 'Expectation Failed',
              '418': "I'm a Teapot",
              '421': 'Misdirected Request',
              '422': 'Unprocessable Entity',
              '423': 'Locked',
              '424': 'Failed Dependency',
              '425': 'Too Early',
              '426': 'Upgrade Required',
              '428': 'Precondition Required',
              '429': 'Too Many Requests',
              '431': 'Request Header Fields Too Large',
              '451': 'Unavailable For Legal Reasons',
              '500': 'Internal Server Error',
              '501': 'Not Implemented',
              '502': 'Bad Gateway',
              '503': 'Service Unavailable',
              '504': 'Gateway Timeout',
              '505': 'HTTP Version Not Supported',
              '506': 'Variant Also Negotiates',
              '507': 'Insufficient Storage',
              '508': 'Loop Detected',
              '509': 'Bandwidth Limit Exceeded',
              '510': 'Not Extended',
              '511': 'Network Authentication Required'
            },
            Agent: [Function: Agent] { defaultMaxSockets: Infinity },
            ClientRequest: [Function: ClientRequest],
            IncomingMessage: [Function: IncomingMessage],
            OutgoingMessage: [Function: OutgoingMessage],
            Server: [Function: Server],
            ServerResponse: [Function: ServerResponse],
            createServer: [Function: createServer],
            validateHeaderName: [Function: wrappedFn] {
              withoutStackTrace: [Function (anonymous)]
            },
            validateHeaderValue: [Function: wrappedFn] {
              withoutStackTrace: [Function (anonymous)]
            },
            get: [Function: get],
            request: [Function: request],
            setMaxIdleHTTPParsers: [Function: setMaxIdleHTTPParsers],
            maxHeaderSize: [Getter],
            globalAgent: [Getter/Setter]
          },
          'https:': {
            Agent: [Function: Agent],
            globalAgent: Agent {
              _events: [Object: null prototype] {
                free: [Function (anonymous)],
                newListener: [Function: maybeEnableKeylog]
              },
              _eventsCount: 2,
              _maxListeners: undefined,
              defaultPort: 443,
              protocol: 'https:',
              options: [Object: null prototype] {
                keepAlive: true,
                scheduling: 'lifo',
                timeout: 5000,
                noDelay: true,
                path: null
              },
              requests: [Object: null prototype] {},
              sockets: [Object: null prototype] {},
              freeSockets: [Object: null prototype] {
                'generativelanguage.googleapis.com:443:::::::::::::::::::::': [ [Circular *1] ]
              },
              keepAliveMsecs: 1000,
              keepAlive: true,
              maxSockets: Infinity,
              maxFreeSockets: 256,
              scheduling: 'lifo',
              maxTotalSockets: Infinity,
              totalSocketCount: 1,
              maxCachedSessions: 100,
              _sessionCache: {
                map: {
                  'generativelanguage.googleapis.com:443:::::::::::::::::::::': <Buffer 30 82 07 6f 02 01 01 02 02 03 04 04 02 13 02 04 20 d0 05 51 0e b7 58 53 fe 42 50 29 70 f0 86 6d f5 8e b0 e3 50 5e 5a 14 26 98 32 5f 74 98 fa 3a 97 04 ... 1857 more bytes>
                },
                list: [
                  'generativelanguage.googleapis.com:443:::::::::::::::::::::'
                ]
              },
              [Symbol(shapeMode)]: false,
              [Symbol(kCapture)]: false
            },
            Server: [Function: Server],
            createServer: [Function: createServer],
            get: [Function: get],
            request: [Function: request]
          }
        },
        pathname: '/v1beta/models/gemini-embedding-2-preview:embedContent',
        search: '?key=AIzaSyAmqPIIk0S-QQeJRHt_zdS4JSZWn4th8uk',
        _defaultAgent: Agent {
          _events: [Object: null prototype] {
            free: [Function (anonymous)],
            newListener: [Function: maybeEnableKeylog]
          },
          _eventsCount: 2,
          _maxListeners: undefined,
          defaultPort: 443,
          protocol: 'https:',
          options: [Object: null prototype] {
            keepAlive: true,
            scheduling: 'lifo',
            timeout: 5000,
            noDelay: true,
            path: null
          },
          requests: [Object: null prototype] {},
          sockets: [Object: null prototype] {},
          freeSockets: [Object: null prototype] {
            'generativelanguage.googleapis.com:443:::::::::::::::::::::': [ [Circular *1] ]
          },
          keepAliveMsecs: 1000,
          keepAlive: true,
          maxSockets: Infinity,
          maxFreeSockets: 256,
          scheduling: 'lifo',
          maxTotalSockets: Infinity,
          totalSocketCount: 1,
          maxCachedSessions: 100,
          _sessionCache: {
            map: {
              'generativelanguage.googleapis.com:443:::::::::::::::::::::': <Buffer 30 82 07 6f 02 01 01 02 02 03 04 04 02 13 02 04 20 d0 05 51 0e b7 58 53 fe 42 50 29 70 f0 86 6d f5 8e b0 e3 50 5e 5a 14 26 98 32 5f 74 98 fa 3a 97 04 ... 1857 more bytes>
            },
            list: [
              'generativelanguage.googleapis.com:443:::::::::::::::::::::'
            ]
          },
          [Symbol(shapeMode)]: false,
          [Symbol(kCapture)]: false
        },
        host: 'generativelanguage.googleapis.com',
        keepAlive: true,
        scheduling: 'lifo',
        timeout: 5000,
        noDelay: true,
        servername: 'generativelanguage.googleapis.com',
        _agentKey: 'generativelanguage.googleapis.com:443:::::::::::::::::::::',
        encoding: null,
        keepAliveInitialDelay: 1000
      }
    },
    _header: 'POST /v1beta/models/gemini-embedding-2-preview:embedContent?key=AIzaSyAmqPIIk0S-QQeJRHt_zdS4JSZWn4th8uk HTTP/1.1\r\n' +
      'Accept: application/json, text/plain, */*\r\n' +
      'Content-Type: application/json\r\n' +
      'User-Agent: axios/1.13.2\r\n' +
      'Content-Length: 191\r\n' +
      'Accept-Encoding: gzip, compress, deflate, br\r\n' +
      'Host: generativelanguage.googleapis.com\r\n' +
      'Connection: keep-alive\r\n' +
      '\r\n',
    _keepAliveTimeout: 0,
    _onPendingData: [Function: nop],
    agent: <ref *3> Agent {
      _events: [Object: null prototype] {
        free: [Function (anonymous)],
        newListener: [Function: maybeEnableKeylog]
      },
      _eventsCount: 2,
      _maxListeners: undefined,
      defaultPort: 443,
      protocol: 'https:',
      options: [Object: null prototype] {
        keepAlive: true,
        scheduling: 'lifo',
        timeout: 5000,
        noDelay: true,
        path: null
      },
      requests: [Object: null prototype] {},
      sockets: [Object: null prototype] {},
      freeSockets: [Object: null prototype] {
        'generativelanguage.googleapis.com:443:::::::::::::::::::::': [
          <ref *1> TLSSocket {
            _tlsOptions: {
              allowHalfOpen: undefined,
              pipe: false,
              secureContext: SecureContext { context: SecureContext {} },
              isServer: false,
              requestCert: true,
              rejectUnauthorized: true,
              session: undefined,
              ALPNProtocols: undefined,
              requestOCSP: undefined,
              enableTrace: undefined,
              pskCallback: undefined,
              highWaterMark: undefined,
              onread: undefined,
              signal: undefined
            },
            _secureEstablished: true,
            _securePending: false,
            _newSessionPending: false,
            _controlReleased: true,
            secureConnecting: false,
            _SNICallback: null,
            servername: 'generativelanguage.googleapis.com',
            alpnProtocol: false,
            authorized: true,
            authorizationError: null,
            encrypted: true,
            _events: [Object: null prototype] {
              close: [
                [Function: onSocketCloseDestroySSL],
                [Function: bound onceWrapper] {
                  listener: [Function (anonymous)]
                },
                [Function: onClose]
              ],
              end: [Function: onReadableStreamEnd],
              error: [Function: bound onceWrapper] {
                listener: [Function: freeSocketErrorListener]
              },
              newListener: [Function: keylogNewListener],
              connect: undefined,
              secure: [Function: onConnectSecure],
              session: [Function (anonymous)],
              free: [Function: onFree],
              timeout: [ [Function: onTimeout], [Function (anonymous)] ],
              agentRemove: [Function: onRemove],
              data: undefined,
              drain: undefined
            },
            _eventsCount: 9,
            connecting: false,
            _hadError: false,
            _parent: null,
            _host: 'generativelanguage.googleapis.com',
            _closeAfterHandlingError: false,
            _readableState: ReadableState {
              highWaterMark: 16384,
              buffer: [],
              bufferIndex: 0,
              length: 0,
              pipes: [],
              awaitDrainWriters: null,
              [Symbol(kState)]: 60303620
            },
            _writableState: WritableState {
              highWaterMark: 16384,
              length: 0,
              corked: 0,
              onwrite: [Function: bound onwrite],
              writelen: 0,
              bufferedIndex: 0,
              pendingcb: 0,
              [Symbol(kState)]: 17563908,
              [Symbol(kBufferedValue)]: null,
              [Symbol(kWriteCbValue)]: null
            },
            allowHalfOpen: false,
            _maxListeners: undefined,
            _sockname: null,
            _pendingData: null,
            _pendingEncoding: '',
            server: undefined,
            _server: null,
            ssl: <ref *2> TLSWrap {
              _parent: TCP {
                reading: [Getter/Setter],
                onconnection: null,
                [Symbol(owner_symbol)]: [Circular *1]
              },
              _parentWrap: null,
              _secureContext: SecureContext { context: SecureContext {} },
              reading: true,
              onkeylog: [Function: onkeylog],
              onhandshakestart: [Function: noop],
              onhandshakedone: [Function (anonymous)],
              onocspresponse: [Function: onocspresponse],
              onnewsession: [Function: onnewsessionclient],
              onerror: [Function: onerror],
              [Symbol(owner_symbol)]: [Circular *1],
              [Symbol(resource_symbol)]: ReusedHandle { type: 57, handle: [Circular *2] }
            },
            _requestCert: true,
            _rejectUnauthorized: true,
            timeout: 5000,
            parser: null,
            _httpMessage: null,
            autoSelectFamilyAttemptedAddresses: [ '142.250.74.10:443' ],
            [Symbol(alpncallback)]: null,
            [Symbol(res)]: <ref *2> TLSWrap {
              _parent: TCP {
                reading: [Getter/Setter],
                onconnection: null,
                [Symbol(owner_symbol)]: [Circular *1]
              },
              _parentWrap: null,
              _secureContext: SecureContext { context: SecureContext {} },
              reading: true,
              onkeylog: [Function: onkeylog],
              onhandshakestart: [Function: noop],
              onhandshakedone: [Function (anonymous)],
              onocspresponse: [Function: onocspresponse],
              onnewsession: [Function: onnewsessionclient],
              onerror: [Function: onerror],
              [Symbol(owner_symbol)]: [Circular *1],
              [Symbol(resource_symbol)]: ReusedHandle { type: 57, handle: [Circular *2] }
            },
            [Symbol(verified)]: true,
            [Symbol(pendingSession)]: null,
            [Symbol(async_id_symbol)]: -1,
            [Symbol(kHandle)]: <ref *2> TLSWrap {
              _parent: TCP {
                reading: [Getter/Setter],
                onconnection: null,
                [Symbol(owner_symbol)]: [Circular *1]
              },
              _parentWrap: null,
              _secureContext: SecureContext { context: SecureContext {} },
              reading: true,
              onkeylog: [Function: onkeylog],
              onhandshakestart: [Function: noop],
              onhandshakedone: [Function (anonymous)],
              onocspresponse: [Function: onocspresponse],
              onnewsession: [Function: onnewsessionclient],
              onerror: [Function: onerror],
              [Symbol(owner_symbol)]: [Circular *1],
              [Symbol(resource_symbol)]: ReusedHandle { type: 57, handle: [Circular *2] }
            },
            [Symbol(lastWriteQueueSize)]: 0,
            [Symbol(timeout)]: Timeout {
              _idleTimeout: 5000,
              _idlePrev: [TimersList],
              _idleNext: [TimersList],
              _idleStart: 43836,
              _onTimeout: [Function: bound ],
              _timerArgs: undefined,
              _repeat: null,
              _destroyed: false,
              [Symbol(refed)]: false,
              [Symbol(kHasPrimitive)]: false,
              [Symbol(asyncId)]: 901,
              [Symbol(triggerId)]: 899
            },
            [Symbol(kBuffer)]: null,
            [Symbol(kBufferCb)]: null,
            [Symbol(kBufferGen)]: null,
            [Symbol(shapeMode)]: true,
            [Symbol(kCapture)]: false,
            [Symbol(kSetNoDelay)]: false,
            [Symbol(kSetKeepAlive)]: true,
            [Symbol(kSetKeepAliveInitialDelay)]: 1,
            [Symbol(kBytesRead)]: 0,
            [Symbol(kBytesWritten)]: 0,
            [Symbol(connect-options)]: {
              rejectUnauthorized: true,
              ciphers: 'TLS_AES_256_GCM_SHA384:TLS_CHACHA20_POLY1305_SHA256:TLS_AES_128_GCM_SHA256:ECDHE-RSA-AES128-GCM-SHA256:ECDHE-ECDSA-AES128-GCM-SHA256:ECDHE-RSA-AES256-GCM-SHA384:ECDHE-ECDSA-AES256-GCM-SHA384:DHE-RSA-AES128-GCM-SHA256:ECDHE-RSA-AES128-SHA256:DHE-RSA-AES128-SHA256:ECDHE-RSA-AES256-SHA384:DHE-RSA-AES256-SHA384:ECDHE-RSA-AES256-SHA256:DHE-RSA-AES256-SHA256:HIGH:!aNULL:!eNULL:!EXPORT:!DES:!RC4:!MD5:!PSK:!SRP:!CAMELLIA',
              checkServerIdentity: [Function: checkServerIdentity],
              minDHSize: 1024,
              maxRedirects: 21,
              maxBodyLength: Infinity,
              protocol: 'https:',
              path: null,
              method: 'POST',
              headers: [Object: null prototype] {
                Accept: 'application/json, text/plain, */*',
                'Content-Type': 'application/json',
                'User-Agent': 'axios/1.13.2',
                'Content-Length': '191',
                'Accept-Encoding': 'gzip, compress, deflate, br'
              },
              agents: { http: undefined, https: undefined },
              auth: undefined,
              family: undefined,
              beforeRedirect: [Function: dispatchBeforeRedirect],
              beforeRedirects: { proxy: [Function: beforeRedirect] },
              http2Options: undefined,
              hostname: 'generativelanguage.googleapis.com',
              port: 443,
              agent: undefined,
              nativeProtocols: {
                'http:': {
                  _connectionListener: [Function: connectionListener],
                  METHODS: [
                    'ACL',        'BIND',        'CHECKOUT',
                    'CONNECT',    'COPY',        'DELETE',
                    'GET',        'HEAD',        'LINK',
                    'LOCK',       'M-SEARCH',    'MERGE',
                    'MKACTIVITY', 'MKCALENDAR',  'MKCOL',
                    'MOVE',       'NOTIFY',      'OPTIONS',
                    'PATCH',      'POST',        'PROPFIND',
                    'PROPPATCH',  'PURGE',       'PUT',
                    'QUERY',      'REBIND',      'REPORT',
                    'SEARCH',     'SOURCE',      'SUBSCRIBE',
                    'TRACE',      'UNBIND',      'UNLINK',
                    'UNLOCK',     'UNSUBSCRIBE'
                  ],
                  STATUS_CODES: {
                    '100': 'Continue',
                    '101': 'Switching Protocols',
                    '102': 'Processing',
                    '103': 'Early Hints',
                    '200': 'OK',
                    '201': 'Created',
                    '202': 'Accepted',
                    '203': 'Non-Authoritative Information',
                    '204': 'No Content',
                    '205': 'Reset Content',
                    '206': 'Partial Content',
                    '207': 'Multi-Status',
                    '208': 'Already Reported',
                    '226': 'IM Used',
                    '300': 'Multiple Choices',
                    '301': 'Moved Permanently',
                    '302': 'Found',
                    '303': 'See Other',
                    '304': 'Not Modified',
                    '305': 'Use Proxy',
                    '307': 'Temporary Redirect',
                    '308': 'Permanent Redirect',
                    '400': 'Bad Request',
                    '401': 'Unauthorized',
                    '402': 'Payment Required',
                    '403': 'Forbidden',
                    '404': 'Not Found',
                    '405': 'Method Not Allowed',
                    '406': 'Not Acceptable',
                    '407': 'Proxy Authentication Required',
                    '408': 'Request Timeout',
                    '409': 'Conflict',
                    '410': 'Gone',
                    '411': 'Length Required',
                    '412': 'Precondition Failed',
                    '413': 'Payload Too Large',
                    '414': 'URI Too Long',
                    '415': 'Unsupported Media Type',
                    '416': 'Range Not Satisfiable',
                    '417': 'Expectation Failed',
                    '418': "I'm a Teapot",
                    '421': 'Misdirected Request',
                    '422': 'Unprocessable Entity',
                    '423': 'Locked',
                    '424': 'Failed Dependency',
                    '425': 'Too Early',
                    '426': 'Upgrade Required',
                    '428': 'Precondition Required',
                    '429': 'Too Many Requests',
                    '431': 'Request Header Fields Too Large',
                    '451': 'Unavailable For Legal Reasons',
                    '500': 'Internal Server Error',
                    '501': 'Not Implemented',
                    '502': 'Bad Gateway',
                    '503': 'Service Unavailable',
                    '504': 'Gateway Timeout',
                    '505': 'HTTP Version Not Supported',
                    '506': 'Variant Also Negotiates',
                    '507': 'Insufficient Storage',
                    '508': 'Loop Detected',
                    '509': 'Bandwidth Limit Exceeded',
                    '510': 'Not Extended',
                    '511': 'Network Authentication Required'
                  },
                  Agent: [Function: Agent] { defaultMaxSockets: Infinity },
                  ClientRequest: [Function: ClientRequest],
                  IncomingMessage: [Function: IncomingMessage],
                  OutgoingMessage: [Function: OutgoingMessage],
                  Server: [Function: Server],
                  ServerResponse: [Function: ServerResponse],
                  createServer: [Function: createServer],
                  validateHeaderName: [Function: wrappedFn] {
                    withoutStackTrace: [Function (anonymous)]
                  },
                  validateHeaderValue: [Function: wrappedFn] {
                    withoutStackTrace: [Function (anonymous)]
                  },
                  get: [Function: get],
                  request: [Function: request],
                  setMaxIdleHTTPParsers: [Function: setMaxIdleHTTPParsers],
                  maxHeaderSize: [Getter],
                  globalAgent: [Getter/Setter]
                },
                'https:': {
                  Agent: [Function: Agent],
                  globalAgent: [Circular *3],
                  Server: [Function: Server],
                  createServer: [Function: createServer],
                  get: [Function: get],
                  request: [Function: request]
                }
              },
              pathname: '/v1beta/models/gemini-embedding-2-preview:embedContent',
              search: '?key=AIzaSyAmqPIIk0S-QQeJRHt_zdS4JSZWn4th8uk',
              _defaultAgent: [Circular *3],
              host: 'generativelanguage.googleapis.com',
              keepAlive: true,
              scheduling: 'lifo',
              timeout: 5000,
              noDelay: true,
              servername: 'generativelanguage.googleapis.com',
              _agentKey: 'generativelanguage.googleapis.com:443:::::::::::::::::::::',
              encoding: null,
              keepAliveInitialDelay: 1000
            }
          }
        ]
      },
      keepAliveMsecs: 1000,
      keepAlive: true,
      maxSockets: Infinity,
      maxFreeSockets: 256,
      scheduling: 'lifo',
      maxTotalSockets: Infinity,
      totalSocketCount: 1,
      maxCachedSessions: 100,
      _sessionCache: {
        map: {
          'generativelanguage.googleapis.com:443:::::::::::::::::::::': <Buffer 30 82 07 6f 02 01 01 02 02 03 04 04 02 13 02 04 20 d0 05 51 0e b7 58 53 fe 42 50 29 70 f0 86 6d f5 8e b0 e3 50 5e 5a 14 26 98 32 5f 74 98 fa 3a 97 04 ... 1857 more bytes>
        },
        list: [
          'generativelanguage.googleapis.com:443:::::::::::::::::::::'
        ]
      },
      [Symbol(shapeMode)]: false,
      [Symbol(kCapture)]: false
    },
    socketPath: undefined,
    method: 'POST',
    maxHeaderSize: undefined,
    insecureHTTPParser: undefined,
    joinDuplicateHeaders: undefined,
    path: '/v1beta/models/gemini-embedding-2-preview:embedContent?key=AIzaSyAmqPIIk0S-QQeJRHt_zdS4JSZWn4th8uk',
    _ended: true,
    res: IncomingMessage {
      _events: {
        close: [
          [Function (anonymous)],
          [Function: onclose],
          [Function: onclose]
        ],
        error: [
          [Function: onerror],
          [Function: onError],
          [Function: onerror]
        ],
        data: undefined,
        end: [
          [Function: responseOnEnd],
          [Function: onend],
          [Function: onend]
        ],
        readable: undefined,
        finish: [ [Function: onfinish], [Function: onfinish] ]
      },
      _readableState: ReadableState {
        highWaterMark: 16384,
        buffer: [],
        bufferIndex: 0,
        length: 0,
        pipes: [],
        awaitDrainWriters: null,
        [Symbol(kState)]: 110626684
      },
      _maxListeners: undefined,
      socket: null,
      httpVersionMajor: 1,
      httpVersionMinor: 1,
      httpVersion: '1.1',
      complete: true,
      rawHeaders: [
        'Vary',
        'Origin',
        'Vary',
        'X-Origin',
        'Vary',
        'Referer',
        'Content-Type',
        'application/json; charset=UTF-8',
        'Content-Encoding',
        'gzip',
        'Date',
        'Mon, 13 Apr 2026 11:04:15 GMT',
        'Server',
        'scaffolding on HTTPServer2',
        'X-XSS-Protection',
        '0',
        'X-Frame-Options',
        'SAMEORIGIN',
        'X-Content-Type-Options',
        'nosniff',
        'Server-Timing',
        'gfet4t7; dur=247',
        'Alt-Svc',
        'h3=":443"; ma=2592000,h3-29=":443"; ma=2592000',
        'Transfer-Encoding',
        'chunked'
      ],
      rawTrailers: [],
      joinDuplicateHeaders: undefined,
      aborted: false,
      upgrade: false,
      url: '',
      method: null,
      statusCode: 429,
      statusMessage: 'Too Many Requests',
      client: <ref *1> TLSSocket {
        _tlsOptions: {
          allowHalfOpen: undefined,
          pipe: false,
          secureContext: SecureContext { context: SecureContext {} },
          isServer: false,
          requestCert: true,
          rejectUnauthorized: true,
          session: undefined,
          ALPNProtocols: undefined,
          requestOCSP: undefined,
          enableTrace: undefined,
          pskCallback: undefined,
          highWaterMark: undefined,
          onread: undefined,
          signal: undefined
        },
        _secureEstablished: true,
        _securePending: false,
        _newSessionPending: false,
        _controlReleased: true,
        secureConnecting: false,
        _SNICallback: null,
        servername: 'generativelanguage.googleapis.com',
        alpnProtocol: false,
        authorized: true,
        authorizationError: null,
        encrypted: true,
        _events: [Object: null prototype] {
          close: [
            [Function: onSocketCloseDestroySSL],
            [Function: bound onceWrapper] {
              listener: [Function (anonymous)]
            },
            [Function: onClose]
          ],
          end: [Function: onReadableStreamEnd],
          error: [Function: bound onceWrapper] {
            listener: [Function: freeSocketErrorListener]
          },
          newListener: [Function: keylogNewListener],
          connect: undefined,
          secure: [Function: onConnectSecure],
          session: [Function (anonymous)],
          free: [Function: onFree],
          timeout: [ [Function: onTimeout], [Function (anonymous)] ],
          agentRemove: [Function: onRemove],
          data: undefined,
          drain: undefined
        },
        _eventsCount: 9,
        connecting: false,
        _hadError: false,
        _parent: null,
        _host: 'generativelanguage.googleapis.com',
        _closeAfterHandlingError: false,
        _readableState: ReadableState {
          highWaterMark: 16384,
          buffer: [],
          bufferIndex: 0,
          length: 0,
          pipes: [],
          awaitDrainWriters: null,
          [Symbol(kState)]: 60303620
        },
        _writableState: WritableState {
          highWaterMark: 16384,
          length: 0,
          corked: 0,
          onwrite: [Function: bound onwrite],
          writelen: 0,
          bufferedIndex: 0,
          pendingcb: 0,
          [Symbol(kState)]: 17563908,
          [Symbol(kBufferedValue)]: null,
          [Symbol(kWriteCbValue)]: null
        },
        allowHalfOpen: false,
        _maxListeners: undefined,
        _sockname: null,
        _pendingData: null,
        _pendingEncoding: '',
        server: undefined,
        _server: null,
        ssl: <ref *2> TLSWrap {
          _parent: TCP {
            reading: [Getter/Setter],
            onconnection: null,
            [Symbol(owner_symbol)]: [Circular *1]
          },
          _parentWrap: null,
          _secureContext: SecureContext { context: SecureContext {} },
          reading: true,
          onkeylog: [Function: onkeylog],
          onhandshakestart: [Function: noop],
          onhandshakedone: [Function (anonymous)],
          onocspresponse: [Function: onocspresponse],
          onnewsession: [Function: onnewsessionclient],
          onerror: [Function: onerror],
          [Symbol(owner_symbol)]: [Circular *1],
          [Symbol(resource_symbol)]: ReusedHandle { type: 57, handle: [Circular *2] }
        },
        _requestCert: true,
        _rejectUnauthorized: true,
        timeout: 5000,
        parser: null,
        _httpMessage: null,
        autoSelectFamilyAttemptedAddresses: [ '142.250.74.10:443' ],
        [Symbol(alpncallback)]: null,
        [Symbol(res)]: <ref *2> TLSWrap {
          _parent: TCP {
            reading: [Getter/Setter],
            onconnection: null,
            [Symbol(owner_symbol)]: [Circular *1]
          },
          _parentWrap: null,
          _secureContext: SecureContext { context: SecureContext {} },
          reading: true,
          onkeylog: [Function: onkeylog],
          onhandshakestart: [Function: noop],
          onhandshakedone: [Function (anonymous)],
          onocspresponse: [Function: onocspresponse],
          onnewsession: [Function: onnewsessionclient],
          onerror: [Function: onerror],
          [Symbol(owner_symbol)]: [Circular *1],
          [Symbol(resource_symbol)]: ReusedHandle { type: 57, handle: [Circular *2] }
        },
        [Symbol(verified)]: true,
        [Symbol(pendingSession)]: null,
        [Symbol(async_id_symbol)]: -1,
        [Symbol(kHandle)]: <ref *2> TLSWrap {
          _parent: TCP {
            reading: [Getter/Setter],
            onconnection: null,
            [Symbol(owner_symbol)]: [Circular *1]
          },
          _parentWrap: null,
          _secureContext: SecureContext { context: SecureContext {} },
          reading: true,
          onkeylog: [Function: onkeylog],
          onhandshakestart: [Function: noop],
          onhandshakedone: [Function (anonymous)],
          onocspresponse: [Function: onocspresponse],
          onnewsession: [Function: onnewsessionclient],
          onerror: [Function: onerror],
          [Symbol(owner_symbol)]: [Circular *1],
          [Symbol(resource_symbol)]: ReusedHandle { type: 57, handle: [Circular *2] }
        },
        [Symbol(lastWriteQueueSize)]: 0,
        [Symbol(timeout)]: Timeout {
          _idleTimeout: 5000,
          _idlePrev: [TimersList],
          _idleNext: [TimersList],
          _idleStart: 43836,
          _onTimeout: [Function: bound ],
          _timerArgs: undefined,
          _repeat: null,
          _destroyed: false,
          [Symbol(refed)]: false,
          [Symbol(kHasPrimitive)]: false,
          [Symbol(asyncId)]: 901,
          [Symbol(triggerId)]: 899
        },
        [Symbol(kBuffer)]: null,
        [Symbol(kBufferCb)]: null,
        [Symbol(kBufferGen)]: null,
        [Symbol(shapeMode)]: true,
        [Symbol(kCapture)]: false,
        [Symbol(kSetNoDelay)]: false,
        [Symbol(kSetKeepAlive)]: true,
        [Symbol(kSetKeepAliveInitialDelay)]: 1,
        [Symbol(kBytesRead)]: 0,
        [Symbol(kBytesWritten)]: 0,
        [Symbol(connect-options)]: {
          rejectUnauthorized: true,
          ciphers: 'TLS_AES_256_GCM_SHA384:TLS_CHACHA20_POLY1305_SHA256:TLS_AES_128_GCM_SHA256:ECDHE-RSA-AES128-GCM-SHA256:ECDHE-ECDSA-AES128-GCM-SHA256:ECDHE-RSA-AES256-GCM-SHA384:ECDHE-ECDSA-AES256-GCM-SHA384:DHE-RSA-AES128-GCM-SHA256:ECDHE-RSA-AES128-SHA256:DHE-RSA-AES128-SHA256:ECDHE-RSA-AES256-SHA384:DHE-RSA-AES256-SHA384:ECDHE-RSA-AES256-SHA256:DHE-RSA-AES256-SHA256:HIGH:!aNULL:!eNULL:!EXPORT:!DES:!RC4:!MD5:!PSK:!SRP:!CAMELLIA',
          checkServerIdentity: [Function: checkServerIdentity],
          minDHSize: 1024,
          maxRedirects: 21,
          maxBodyLength: Infinity,
          protocol: 'https:',
          path: null,
          method: 'POST',
          headers: [Object: null prototype] {
            Accept: 'application/json, text/plain, */*',
            'Content-Type': 'application/json',
            'User-Agent': 'axios/1.13.2',
            'Content-Length': '191',
            'Accept-Encoding': 'gzip, compress, deflate, br'
          },
          agents: { http: undefined, https: undefined },
          auth: undefined,
          family: undefined,
          beforeRedirect: [Function: dispatchBeforeRedirect],
          beforeRedirects: { proxy: [Function: beforeRedirect] },
          http2Options: undefined,
          hostname: 'generativelanguage.googleapis.com',
          port: 443,
          agent: undefined,
          nativeProtocols: {
            'http:': {
              _connectionListener: [Function: connectionListener],
              METHODS: [
                'ACL',        'BIND',        'CHECKOUT',
                'CONNECT',    'COPY',        'DELETE',
                'GET',        'HEAD',        'LINK',
                'LOCK',       'M-SEARCH',    'MERGE',
                'MKACTIVITY', 'MKCALENDAR',  'MKCOL',
                'MOVE',       'NOTIFY',      'OPTIONS',
                'PATCH',      'POST',        'PROPFIND',
                'PROPPATCH',  'PURGE',       'PUT',
                'QUERY',      'REBIND',      'REPORT',
                'SEARCH',     'SOURCE',      'SUBSCRIBE',
                'TRACE',      'UNBIND',      'UNLINK',
                'UNLOCK',     'UNSUBSCRIBE'
              ],
              STATUS_CODES: {
                '100': 'Continue',
                '101': 'Switching Protocols',
                '102': 'Processing',
                '103': 'Early Hints',
                '200': 'OK',
                '201': 'Created',
                '202': 'Accepted',
                '203': 'Non-Authoritative Information',
                '204': 'No Content',
                '205': 'Reset Content',
                '206': 'Partial Content',
                '207': 'Multi-Status',
                '208': 'Already Reported',
                '226': 'IM Used',
                '300': 'Multiple Choices',
                '301': 'Moved Permanently',
                '302': 'Found',
                '303': 'See Other',
                '304': 'Not Modified',
                '305': 'Use Proxy',
                '307': 'Temporary Redirect',
                '308': 'Permanent Redirect',
                '400': 'Bad Request',
                '401': 'Unauthorized',
                '402': 'Payment Required',
                '403': 'Forbidden',
                '404': 'Not Found',
                '405': 'Method Not Allowed',
                '406': 'Not Acceptable',
                '407': 'Proxy Authentication Required',
                '408': 'Request Timeout',
                '409': 'Conflict',
                '410': 'Gone',
                '411': 'Length Required',
                '412': 'Precondition Failed',
                '413': 'Payload Too Large',
                '414': 'URI Too Long',
                '415': 'Unsupported Media Type',
                '416': 'Range Not Satisfiable',
                '417': 'Expectation Failed',
                '418': "I'm a Teapot",
                '421': 'Misdirected Request',
                '422': 'Unprocessable Entity',
                '423': 'Locked',
                '424': 'Failed Dependency',
                '425': 'Too Early',
                '426': 'Upgrade Required',
                '428': 'Precondition Required',
                '429': 'Too Many Requests',
                '431': 'Request Header Fields Too Large',
                '451': 'Unavailable For Legal Reasons',
                '500': 'Internal Server Error',
                '501': 'Not Implemented',
                '502': 'Bad Gateway',
                '503': 'Service Unavailable',
                '504': 'Gateway Timeout',
                '505': 'HTTP Version Not Supported',
                '506': 'Variant Also Negotiates',
                '507': 'Insufficient Storage',
                '508': 'Loop Detected',
                '509': 'Bandwidth Limit Exceeded',
                '510': 'Not Extended',
                '511': 'Network Authentication Required'
              },
              Agent: [Function: Agent] { defaultMaxSockets: Infinity },
              ClientRequest: [Function: ClientRequest],
              IncomingMessage: [Function: IncomingMessage],
              OutgoingMessage: [Function: OutgoingMessage],
              Server: [Function: Server],
              ServerResponse: [Function: ServerResponse],
              createServer: [Function: createServer],
              validateHeaderName: [Function: wrappedFn] {
                withoutStackTrace: [Function (anonymous)]
              },
              validateHeaderValue: [Function: wrappedFn] {
                withoutStackTrace: [Function (anonymous)]
              },
              get: [Function: get],
              request: [Function: request],
              setMaxIdleHTTPParsers: [Function: setMaxIdleHTTPParsers],
              maxHeaderSize: [Getter],
              globalAgent: [Getter/Setter]
            },
            'https:': {
              Agent: [Function: Agent],
              globalAgent: <ref *3> Agent {
                _events: [Object: null prototype] {
                  free: [Function (anonymous)],
                  newListener: [Function: maybeEnableKeylog]
                },
                _eventsCount: 2,
                _maxListeners: undefined,
                defaultPort: 443,
                protocol: 'https:',
                options: [Object: null prototype] {
                  keepAlive: true,
                  scheduling: 'lifo',
                  timeout: 5000,
                  noDelay: true,
                  path: null
                },
                requests: [Object: null prototype] {},
                sockets: [Object: null prototype] {},
                freeSockets: [Object: null prototype] {
                  'generativelanguage.googleapis.com:443:::::::::::::::::::::': [ [Circular *1] ]
                },
                keepAliveMsecs: 1000,
                keepAlive: true,
                maxSockets: Infinity,
                maxFreeSockets: 256,
                scheduling: 'lifo',
                maxTotalSockets: Infinity,
                totalSocketCount: 1,
                maxCachedSessions: 100,
                _sessionCache: {
                  map: {
                    'generativelanguage.googleapis.com:443:::::::::::::::::::::': <Buffer 30 82 07 6f 02 01 01 02 02 03 04 04 02 13 02 04 20 d0 05 51 0e b7 58 53 fe 42 50 29 70 f0 86 6d f5 8e b0 e3 50 5e 5a 14 26 98 32 5f 74 98 fa 3a 97 04 ... 1857 more bytes>
                  },
                  list: [
                    'generativelanguage.googleapis.com:443:::::::::::::::::::::'
                  ]
                },
                [Symbol(shapeMode)]: false,
                [Symbol(kCapture)]: false
              },
              Server: [Function: Server],
              createServer: [Function: createServer],
              get: [Function: get],
              request: [Function: request]
            }
          },
          pathname: '/v1beta/models/gemini-embedding-2-preview:embedContent',
          search: '?key=AIzaSyAmqPIIk0S-QQeJRHt_zdS4JSZWn4th8uk',
          _defaultAgent: <ref *3> Agent {
            _events: [Object: null prototype] {
              free: [Function (anonymous)],
              newListener: [Function: maybeEnableKeylog]
            },
            _eventsCount: 2,
            _maxListeners: undefined,
            defaultPort: 443,
            protocol: 'https:',
            options: [Object: null prototype] {
              keepAlive: true,
              scheduling: 'lifo',
              timeout: 5000,
              noDelay: true,
              path: null
            },
            requests: [Object: null prototype] {},
            sockets: [Object: null prototype] {},
            freeSockets: [Object: null prototype] {
              'generativelanguage.googleapis.com:443:::::::::::::::::::::': [ [Circular *1] ]
            },
            keepAliveMsecs: 1000,
            keepAlive: true,
            maxSockets: Infinity,
            maxFreeSockets: 256,
            scheduling: 'lifo',
            maxTotalSockets: Infinity,
            totalSocketCount: 1,
            maxCachedSessions: 100,
            _sessionCache: {
              map: {
                'generativelanguage.googleapis.com:443:::::::::::::::::::::': <Buffer 30 82 07 6f 02 01 01 02 02 03 04 04 02 13 02 04 20 d0 05 51 0e b7 58 53 fe 42 50 29 70 f0 86 6d f5 8e b0 e3 50 5e 5a 14 26 98 32 5f 74 98 fa 3a 97 04 ... 1857 more bytes>
              },
              list: [
                'generativelanguage.googleapis.com:443:::::::::::::::::::::'
              ]
            },
            [Symbol(shapeMode)]: false,
            [Symbol(kCapture)]: false
          },
          host: 'generativelanguage.googleapis.com',
          keepAlive: true,
          scheduling: 'lifo',
          timeout: 5000,
          noDelay: true,
          servername: 'generativelanguage.googleapis.com',
          _agentKey: 'generativelanguage.googleapis.com:443:::::::::::::::::::::',
          encoding: null,
          keepAliveInitialDelay: 1000
        }
      },
      _consuming: true,
      _dumped: false,
      req: [Circular *4],
      _eventsCount: 4,
      responseUrl: 'https://generativelanguage.googleapis.com/v1beta/models/gemini-embedding-2-preview:embedContent?key=AIzaSyAmqPIIk0S-QQeJRHt_zdS4JSZWn4th8uk',
      redirects: [],
      [Symbol(shapeMode)]: true,
      [Symbol(kCapture)]: false,
      [Symbol(kHeaders)]: {
        vary: 'Origin, X-Origin, Referer',
        'content-type': 'application/json; charset=UTF-8',
        date: 'Mon, 13 Apr 2026 11:04:15 GMT',
        server: 'scaffolding on HTTPServer2',
        'x-xss-protection': '0',
        'x-frame-options': 'SAMEORIGIN',
        'x-content-type-options': 'nosniff',
        'server-timing': 'gfet4t7; dur=247',
        'alt-svc': 'h3=":443"; ma=2592000,h3-29=":443"; ma=2592000',
        'transfer-encoding': 'chunked'
      },
      [Symbol(kHeadersCount)]: 26,
      [Symbol(kTrailers)]: null,
      [Symbol(kTrailersCount)]: 0
    },
    aborted: false,
    timeoutCb: null,
    upgradeOrConnect: false,
    parser: null,
    maxHeadersCount: null,
    reusedSocket: true,
    host: 'generativelanguage.googleapis.com',
    protocol: 'https:',
    _redirectable: Writable {
      _events: {
        close: undefined,
        error: [Function: handleRequestError],
        prefinish: undefined,
        finish: undefined,
        drain: undefined,
        response: [Function: handleResponse],
        socket: [
          [Function: handleRequestSocket],
          [Function: destroyOnTimeout]
        ],
        timeout: undefined,
        abort: undefined
      },
      _writableState: WritableState {
        highWaterMark: 16384,
        length: 0,
        corked: 0,
        onwrite: [Function: bound onwrite],
        writelen: 0,
        bufferedIndex: 0,
        pendingcb: 0,
        [Symbol(kState)]: 17580812,
        [Symbol(kBufferedValue)]: null
      },
      _maxListeners: undefined,
      _options: {
        maxRedirects: 21,
        maxBodyLength: Infinity,
        protocol: 'https:',
        path: '/v1beta/models/gemini-embedding-2-preview:embedContent?key=AIzaSyAmqPIIk0S-QQeJRHt_zdS4JSZWn4th8uk',
        method: 'POST',
        headers: [Object: null prototype] {
          Accept: 'application/json, text/plain, */*',
          'Content-Type': 'application/json',
          'User-Agent': 'axios/1.13.2',
          'Content-Length': '191',
          'Accept-Encoding': 'gzip, compress, deflate, br'
        },
        agents: { http: undefined, https: undefined },
        auth: undefined,
        family: undefined,
        beforeRedirect: [Function: dispatchBeforeRedirect],
        beforeRedirects: { proxy: [Function: beforeRedirect] },
        http2Options: undefined,
        hostname: 'generativelanguage.googleapis.com',
        port: '',
        agent: undefined,
        nativeProtocols: <ref *5> {
          'http:': {
            _connectionListener: [Function: connectionListener],
            METHODS: [
              'ACL',        'BIND',        'CHECKOUT',
              'CONNECT',    'COPY',        'DELETE',
              'GET',        'HEAD',        'LINK',
              'LOCK',       'M-SEARCH',    'MERGE',
              'MKACTIVITY', 'MKCALENDAR',  'MKCOL',
              'MOVE',       'NOTIFY',      'OPTIONS',
              'PATCH',      'POST',        'PROPFIND',
              'PROPPATCH',  'PURGE',       'PUT',
              'QUERY',      'REBIND',      'REPORT',
              'SEARCH',     'SOURCE',      'SUBSCRIBE',
              'TRACE',      'UNBIND',      'UNLINK',
              'UNLOCK',     'UNSUBSCRIBE'
            ],
            STATUS_CODES: {
              '100': 'Continue',
              '101': 'Switching Protocols',
              '102': 'Processing',
              '103': 'Early Hints',
              '200': 'OK',
              '201': 'Created',
              '202': 'Accepted',
              '203': 'Non-Authoritative Information',
              '204': 'No Content',
              '205': 'Reset Content',
              '206': 'Partial Content',
              '207': 'Multi-Status',
              '208': 'Already Reported',
              '226': 'IM Used',
              '300': 'Multiple Choices',
              '301': 'Moved Permanently',
              '302': 'Found',
              '303': 'See Other',
              '304': 'Not Modified',
              '305': 'Use Proxy',
              '307': 'Temporary Redirect',
              '308': 'Permanent Redirect',
              '400': 'Bad Request',
              '401': 'Unauthorized',
              '402': 'Payment Required',
              '403': 'Forbidden',
              '404': 'Not Found',
              '405': 'Method Not Allowed',
              '406': 'Not Acceptable',
              '407': 'Proxy Authentication Required',
              '408': 'Request Timeout',
              '409': 'Conflict',
              '410': 'Gone',
              '411': 'Length Required',
              '412': 'Precondition Failed',
              '413': 'Payload Too Large',
              '414': 'URI Too Long',
              '415': 'Unsupported Media Type',
              '416': 'Range Not Satisfiable',
              '417': 'Expectation Failed',
              '418': "I'm a Teapot",
              '421': 'Misdirected Request',
              '422': 'Unprocessable Entity',
              '423': 'Locked',
              '424': 'Failed Dependency',
              '425': 'Too Early',
              '426': 'Upgrade Required',
              '428': 'Precondition Required',
              '429': 'Too Many Requests',
              '431': 'Request Header Fields Too Large',
              '451': 'Unavailable For Legal Reasons',
              '500': 'Internal Server Error',
              '501': 'Not Implemented',
              '502': 'Bad Gateway',
              '503': 'Service Unavailable',
              '504': 'Gateway Timeout',
              '505': 'HTTP Version Not Supported',
              '506': 'Variant Also Negotiates',
              '507': 'Insufficient Storage',
              '508': 'Loop Detected',
              '509': 'Bandwidth Limit Exceeded',
              '510': 'Not Extended',
              '511': 'Network Authentication Required'
            },
            Agent: [Function: Agent] { defaultMaxSockets: Infinity },
            ClientRequest: [Function: ClientRequest],
            IncomingMessage: [Function: IncomingMessage],
            OutgoingMessage: [Function: OutgoingMessage],
            Server: [Function: Server],
            ServerResponse: [Function: ServerResponse],
            createServer: [Function: createServer],
            validateHeaderName: [Function: wrappedFn] {
              withoutStackTrace: [Function (anonymous)]
            },
            validateHeaderValue: [Function: wrappedFn] {
              withoutStackTrace: [Function (anonymous)]
            },
            get: [Function: get],
            request: [Function: request],
            setMaxIdleHTTPParsers: [Function: setMaxIdleHTTPParsers],
            maxHeaderSize: [Getter],
            globalAgent: [Getter/Setter]
          },
          'https:': {
            Agent: [Function: Agent],
            globalAgent: <ref *3> Agent {
              _events: [Object: null prototype] {
                free: [Function (anonymous)],
                newListener: [Function: maybeEnableKeylog]
              },
              _eventsCount: 2,
              _maxListeners: undefined,
              defaultPort: 443,
              protocol: 'https:',
              options: [Object: null prototype] {
                keepAlive: true,
                scheduling: 'lifo',
                timeout: 5000,
                noDelay: true,
                path: null
              },
              requests: [Object: null prototype] {},
              sockets: [Object: null prototype] {},
              freeSockets: [Object: null prototype] {
                'generativelanguage.googleapis.com:443:::::::::::::::::::::': [
                  <ref *1> TLSSocket {
                    _tlsOptions: {
                      allowHalfOpen: undefined,
                      pipe: false,
                      secureContext: SecureContext { context: SecureContext {} },
                      isServer: false,
                      requestCert: true,
                      rejectUnauthorized: true,
                      session: undefined,
                      ALPNProtocols: undefined,
                      requestOCSP: undefined,
                      enableTrace: undefined,
                      pskCallback: undefined,
                      highWaterMark: undefined,
                      onread: undefined,
                      signal: undefined
                    },
                    _secureEstablished: true,
                    _securePending: false,
                    _newSessionPending: false,
                    _controlReleased: true,
                    secureConnecting: false,
                    _SNICallback: null,
                    servername: 'generativelanguage.googleapis.com',
                    alpnProtocol: false,
                    authorized: true,
                    authorizationError: null,
                    encrypted: true,
                    _events: [Object: null prototype] {
                      close: [
                        [Function: onSocketCloseDestroySSL],
                        [Function: bound onceWrapper] {
                          listener: [Function (anonymous)]
                        },
                        [Function: onClose]
                      ],
                      end: [Function: onReadableStreamEnd],
                      error: [Function: bound onceWrapper] {
                        listener: [Function: freeSocketErrorListener]
                      },
                      newListener: [Function: keylogNewListener],
                      connect: undefined,
                      secure: [Function: onConnectSecure],
                      session: [Function (anonymous)],
                      free: [Function: onFree],
                      timeout: [ [Function: onTimeout], [Function (anonymous)] ],
                      agentRemove: [Function: onRemove],
                      data: undefined,
                      drain: undefined
                    },
                    _eventsCount: 9,
                    connecting: false,
                    _hadError: false,
                    _parent: null,
                    _host: 'generativelanguage.googleapis.com',
                    _closeAfterHandlingError: false,
                    _readableState: ReadableState {
                      highWaterMark: 16384,
                      buffer: [],
                      bufferIndex: 0,
                      length: 0,
                      pipes: [],
                      awaitDrainWriters: null,
                      [Symbol(kState)]: 60303620
                    },
                    _writableState: WritableState {
                      highWaterMark: 16384,
                      length: 0,
                      corked: 0,
                      onwrite: [Function: bound onwrite],
                      writelen: 0,
                      bufferedIndex: 0,
                      pendingcb: 0,
                      [Symbol(kState)]: 17563908,
                      [Symbol(kBufferedValue)]: null,
                      [Symbol(kWriteCbValue)]: null
                    },
                    allowHalfOpen: false,
                    _maxListeners: undefined,
                    _sockname: null,
                    _pendingData: null,
                    _pendingEncoding: '',
                    server: undefined,
                    _server: null,
                    ssl: <ref *2> TLSWrap {
                      _parent: TCP {
                        reading: [Getter/Setter],
                        onconnection: null,
                        [Symbol(owner_symbol)]: [Circular *1]
                      },
                      _parentWrap: null,
                      _secureContext: SecureContext { context: SecureContext {} },
                      reading: true,
                      onkeylog: [Function: onkeylog],
                      onhandshakestart: [Function: noop],
                      onhandshakedone: [Function (anonymous)],
                      onocspresponse: [Function: onocspresponse],
                      onnewsession: [Function: onnewsessionclient],
                      onerror: [Function: onerror],
                      [Symbol(owner_symbol)]: [Circular *1],
                      [Symbol(resource_symbol)]: ReusedHandle { type: 57, handle: [Circular *2] }
                    },
                    _requestCert: true,
                    _rejectUnauthorized: true,
                    timeout: 5000,
                    parser: null,
                    _httpMessage: null,
                    autoSelectFamilyAttemptedAddresses: [ '142.250.74.10:443' ],
                    [Symbol(alpncallback)]: null,
                    [Symbol(res)]: <ref *2> TLSWrap {
                      _parent: TCP {
                        reading: [Getter/Setter],
                        onconnection: null,
                        [Symbol(owner_symbol)]: [Circular *1]
                      },
                      _parentWrap: null,
                      _secureContext: SecureContext { context: SecureContext {} },
                      reading: true,
                      onkeylog: [Function: onkeylog],
                      onhandshakestart: [Function: noop],
                      onhandshakedone: [Function (anonymous)],
                      onocspresponse: [Function: onocspresponse],
                      onnewsession: [Function: onnewsessionclient],
                      onerror: [Function: onerror],
                      [Symbol(owner_symbol)]: [Circular *1],
                      [Symbol(resource_symbol)]: ReusedHandle { type: 57, handle: [Circular *2] }
                    },
                    [Symbol(verified)]: true,
                    [Symbol(pendingSession)]: null,
                    [Symbol(async_id_symbol)]: -1,
                    [Symbol(kHandle)]: <ref *2> TLSWrap {
                      _parent: TCP {
                        reading: [Getter/Setter],
                        onconnection: null,
                        [Symbol(owner_symbol)]: [Circular *1]
                      },
                      _parentWrap: null,
                      _secureContext: SecureContext { context: SecureContext {} },
                      reading: true,
                      onkeylog: [Function: onkeylog],
                      onhandshakestart: [Function: noop],
                      onhandshakedone: [Function (anonymous)],
                      onocspresponse: [Function: onocspresponse],
                      onnewsession: [Function: onnewsessionclient],
                      onerror: [Function: onerror],
                      [Symbol(owner_symbol)]: [Circular *1],
                      [Symbol(resource_symbol)]: ReusedHandle { type: 57, handle: [Circular *2] }
                    },
                    [Symbol(lastWriteQueueSize)]: 0,
                    [Symbol(timeout)]: Timeout {
                      _idleTimeout: 5000,
                      _idlePrev: [TimersList],
                      _idleNext: [TimersList],
                      _idleStart: 43836,
                      _onTimeout: [Function: bound ],
                      _timerArgs: undefined,
                      _repeat: null,
                      _destroyed: false,
                      [Symbol(refed)]: false,
                      [Symbol(kHasPrimitive)]: false,
                      [Symbol(asyncId)]: 901,
                      [Symbol(triggerId)]: 899
                    },
                    [Symbol(kBuffer)]: null,
                    [Symbol(kBufferCb)]: null,
                    [Symbol(kBufferGen)]: null,
                    [Symbol(shapeMode)]: true,
                    [Symbol(kCapture)]: false,
                    [Symbol(kSetNoDelay)]: false,
                    [Symbol(kSetKeepAlive)]: true,
                    [Symbol(kSetKeepAliveInitialDelay)]: 1,
                    [Symbol(kBytesRead)]: 0,
                    [Symbol(kBytesWritten)]: 0,
                    [Symbol(connect-options)]: {
                      rejectUnauthorized: true,
                      ciphers: 'TLS_AES_256_GCM_SHA384:TLS_CHACHA20_POLY1305_SHA256:TLS_AES_128_GCM_SHA256:ECDHE-RSA-AES128-GCM-SHA256:ECDHE-ECDSA-AES128-GCM-SHA256:ECDHE-RSA-AES256-GCM-SHA384:ECDHE-ECDSA-AES256-GCM-SHA384:DHE-RSA-AES128-GCM-SHA256:ECDHE-RSA-AES128-SHA256:DHE-RSA-AES128-SHA256:ECDHE-RSA-AES256-SHA384:DHE-RSA-AES256-SHA384:ECDHE-RSA-AES256-SHA256:DHE-RSA-AES256-SHA256:HIGH:!aNULL:!eNULL:!EXPORT:!DES:!RC4:!MD5:!PSK:!SRP:!CAMELLIA',
                      checkServerIdentity: [Function: checkServerIdentity],
                      minDHSize: 1024,
                      maxRedirects: 21,
                      maxBodyLength: Infinity,
                      protocol: 'https:',
                      path: null,
                      method: 'POST',
                      headers: [Object: null prototype] {
                        Accept: 'application/json, text/plain, */*',
                        'Content-Type': 'application/json',
                        'User-Agent': 'axios/1.13.2',
                        'Content-Length': '191',
                        'Accept-Encoding': 'gzip, compress, deflate, br'
                      },
                      agents: { http: undefined, https: undefined },
                      auth: undefined,
                      family: undefined,
                      beforeRedirect: [Function: dispatchBeforeRedirect],
                      beforeRedirects: { proxy: [Function: beforeRedirect] },
                      http2Options: undefined,
                      hostname: 'generativelanguage.googleapis.com',
                      port: 443,
                      agent: undefined,
                      nativeProtocols: [Circular *5],
                      pathname: '/v1beta/models/gemini-embedding-2-preview:embedContent',
                      search: '?key=AIzaSyAmqPIIk0S-QQeJRHt_zdS4JSZWn4th8uk',
                      _defaultAgent: [Circular *3],
                      host: 'generativelanguage.googleapis.com',
                      keepAlive: true,
                      scheduling: 'lifo',
                      timeout: 5000,
                      noDelay: true,
                      servername: 'generativelanguage.googleapis.com',
                      _agentKey: 'generativelanguage.googleapis.com:443:::::::::::::::::::::',
                      encoding: null,
                      keepAliveInitialDelay: 1000
                    }
                  }
                ]
              },
              keepAliveMsecs: 1000,
              keepAlive: true,
              maxSockets: Infinity,
              maxFreeSockets: 256,
              scheduling: 'lifo',
              maxTotalSockets: Infinity,
              totalSocketCount: 1,
              maxCachedSessions: 100,
              _sessionCache: {
                map: {
                  'generativelanguage.googleapis.com:443:::::::::::::::::::::': <Buffer 30 82 07 6f 02 01 01 02 02 03 04 04 02 13 02 04 20 d0 05 51 0e b7 58 53 fe 42 50 29 70 f0 86 6d f5 8e b0 e3 50 5e 5a 14 26 98 32 5f 74 98 fa 3a 97 04 ... 1857 more bytes>
                },
                list: [
                  'generativelanguage.googleapis.com:443:::::::::::::::::::::'
                ]
              },
              [Symbol(shapeMode)]: false,
              [Symbol(kCapture)]: false
            },
            Server: [Function: Server],
            createServer: [Function: createServer],
            get: [Function: get],
            request: [Function: request]
          }
        },
        pathname: '/v1beta/models/gemini-embedding-2-preview:embedContent',
        search: '?key=AIzaSyAmqPIIk0S-QQeJRHt_zdS4JSZWn4th8uk'
      },
      _ended: true,
      _ending: true,
      _redirectCount: 0,
      _redirects: [],
      _requestBodyLength: 191,
      _requestBodyBuffers: [],
      _eventsCount: 3,
      _onNativeResponse: [Function (anonymous)],
      _currentRequest: [Circular *4],
      _currentUrl: 'https://generativelanguage.googleapis.com/v1beta/models/gemini-embedding-2-preview:embedContent?key=AIzaSyAmqPIIk0S-QQeJRHt_zdS4JSZWn4th8uk',
      _timeout: null,
      [Symbol(shapeMode)]: true,
      [Symbol(kCapture)]: false
    },
    [Symbol(shapeMode)]: false,
    [Symbol(kCapture)]: false,
    [Symbol(kBytesWritten)]: 0,
    [Symbol(kNeedDrain)]: false,
    [Symbol(corked)]: 0,
    [Symbol(kOutHeaders)]: [Object: null prototype] {
      accept: [ 'Accept', 'application/json, text/plain, */*' ],
      'content-type': [ 'Content-Type', 'application/json' ],
      'user-agent': [ 'User-Agent', 'axios/1.13.2' ],
      'content-length': [ 'Content-Length', '191' ],
      'accept-encoding': [ 'Accept-Encoding', 'gzip, compress, deflate, br' ],
      host: [ 'Host', 'generativelanguage.googleapis.com' ]
    },
    [Symbol(errored)]: null,
    [Symbol(kHighWaterMark)]: 16384,
    [Symbol(kRejectNonStandardBodyWrites)]: false,
    [Symbol(kUniqueHeaders)]: null
  },
  response: {
    status: 429,
    statusText: 'Too Many Requests',
    headers: Object [AxiosHeaders] {
      vary: 'Origin, X-Origin, Referer',
      'content-type': 'application/json; charset=UTF-8',
      date: 'Mon, 13 Apr 2026 11:04:15 GMT',
      server: 'scaffolding on HTTPServer2',
      'x-xss-protection': '0',
      'x-frame-options': 'SAMEORIGIN',
      'x-content-type-options': 'nosniff',
      'server-timing': 'gfet4t7; dur=247',
      'alt-svc': 'h3=":443"; ma=2592000,h3-29=":443"; ma=2592000',
      'transfer-encoding': 'chunked'
    },
    config: {
      transitional: {
        silentJSONParsing: true,
        forcedJSONParsing: true,
        clarifyTimeoutError: false
      },
      adapter: [ 'xhr', 'http', 'fetch' ],
      transformRequest: [ [Function: transformRequest] ],
      transformResponse: [ [Function: transformResponse] ],
      timeout: 60000,
      xsrfCookieName: 'XSRF-TOKEN',
      xsrfHeaderName: 'X-XSRF-TOKEN',
      maxContentLength: -1,
      maxBodyLength: -1,
      env: {
        FormData: [Function: FormData] {
          LINE_BREAK: '\r\n',
          DEFAULT_CONTENT_TYPE: 'application/octet-stream'
        },
        Blob: [class Blob]
      },
      validateStatus: [Function: validateStatus],
      headers: Object [AxiosHeaders] {
        Accept: 'application/json, text/plain, */*',
        'Content-Type': 'application/json',
        'User-Agent': 'axios/1.13.2',
        'Content-Length': '191',
        'Accept-Encoding': 'gzip, compress, deflate, br'
      },
      baseURL: 'https://generativelanguage.googleapis.com/v1beta/models',
      params: { key: 'AIzaSyAmqPIIk0S-QQeJRHt_zdS4JSZWn4th8uk' },
      method: 'post',
      url: '/gemini-embedding-2-preview:embedContent',
      data: '{"model":"models/gemini-embedding-2-preview","content":{"parts":[{"text":"Assalomu alaykum. iPhone 17 olmoqchiman, sizlarda bormi"}]},"taskType":"RETRIEVAL_QUERY","outputDimensionality":1536}',
      allowAbsoluteUrls: true
    },
    request: <ref *4> ClientRequest {
      _events: [Object: null prototype] {
        abort: [Function (anonymous)],
        aborted: [Function (anonymous)],
        connect: [Function (anonymous)],
        error: [Function (anonymous)],
        socket: [Function (anonymous)],
        timeout: [Function (anonymous)],
        finish: [Function: requestOnFinish]
      },
      _eventsCount: 7,
      _maxListeners: undefined,
      outputData: [],
      outputSize: 0,
      writable: true,
      destroyed: true,
      _last: false,
      chunkedEncoding: false,
      shouldKeepAlive: true,
      maxRequestsOnConnectionReached: false,
      _defaultKeepAlive: true,
      useChunkedEncodingByDefault: true,
      sendDate: false,
      _removedConnection: false,
      _removedContLen: false,
      _removedTE: false,
      strictContentLength: false,
      _contentLength: 191,
      _hasBody: true,
      _trailer: '',
      finished: true,
      _headerSent: true,
      _closed: true,
      socket: <ref *1> TLSSocket {
        _tlsOptions: {
          allowHalfOpen: undefined,
          pipe: false,
          secureContext: SecureContext { context: SecureContext {} },
          isServer: false,
          requestCert: true,
          rejectUnauthorized: true,
          session: undefined,
          ALPNProtocols: undefined,
          requestOCSP: undefined,
          enableTrace: undefined,
          pskCallback: undefined,
          highWaterMark: undefined,
          onread: undefined,
          signal: undefined
        },
        _secureEstablished: true,
        _securePending: false,
        _newSessionPending: false,
        _controlReleased: true,
        secureConnecting: false,
        _SNICallback: null,
        servername: 'generativelanguage.googleapis.com',
        alpnProtocol: false,
        authorized: true,
        authorizationError: null,
        encrypted: true,
        _events: [Object: null prototype] {
          close: [
            [Function: onSocketCloseDestroySSL],
            [Function: bound onceWrapper] {
              listener: [Function (anonymous)]
            },
            [Function: onClose]
          ],
          end: [Function: onReadableStreamEnd],
          error: [Function: bound onceWrapper] {
            listener: [Function: freeSocketErrorListener]
          },
          newListener: [Function: keylogNewListener],
          connect: undefined,
          secure: [Function: onConnectSecure],
          session: [Function (anonymous)],
          free: [Function: onFree],
          timeout: [ [Function: onTimeout], [Function (anonymous)] ],
          agentRemove: [Function: onRemove],
          data: undefined,
          drain: undefined
        },
        _eventsCount: 9,
        connecting: false,
        _hadError: false,
        _parent: null,
        _host: 'generativelanguage.googleapis.com',
        _closeAfterHandlingError: false,
        _readableState: ReadableState {
          highWaterMark: 16384,
          buffer: [],
          bufferIndex: 0,
          length: 0,
          pipes: [],
          awaitDrainWriters: null,
          [Symbol(kState)]: 60303620
        },
        _writableState: WritableState {
          highWaterMark: 16384,
          length: 0,
          corked: 0,
          onwrite: [Function: bound onwrite],
          writelen: 0,
          bufferedIndex: 0,
          pendingcb: 0,
          [Symbol(kState)]: 17563908,
          [Symbol(kBufferedValue)]: null,
          [Symbol(kWriteCbValue)]: null
        },
        allowHalfOpen: false,
        _maxListeners: undefined,
        _sockname: null,
        _pendingData: null,
        _pendingEncoding: '',
        server: undefined,
        _server: null,
        ssl: <ref *2> TLSWrap {
          _parent: TCP {
            reading: [Getter/Setter],
            onconnection: null,
            [Symbol(owner_symbol)]: [Circular *1]
          },
          _parentWrap: null,
          _secureContext: SecureContext { context: SecureContext {} },
          reading: true,
          onkeylog: [Function: onkeylog],
          onhandshakestart: [Function: noop],
          onhandshakedone: [Function (anonymous)],
          onocspresponse: [Function: onocspresponse],
          onnewsession: [Function: onnewsessionclient],
          onerror: [Function: onerror],
          [Symbol(owner_symbol)]: [Circular *1],
          [Symbol(resource_symbol)]: ReusedHandle { type: 57, handle: [Circular *2] }
        },
        _requestCert: true,
        _rejectUnauthorized: true,
        timeout: 5000,
        parser: null,
        _httpMessage: null,
        autoSelectFamilyAttemptedAddresses: [ '142.250.74.10:443' ],
        [Symbol(alpncallback)]: null,
        [Symbol(res)]: <ref *2> TLSWrap {
          _parent: TCP {
            reading: [Getter/Setter],
            onconnection: null,
            [Symbol(owner_symbol)]: [Circular *1]
          },
          _parentWrap: null,
          _secureContext: SecureContext { context: SecureContext {} },
          reading: true,
          onkeylog: [Function: onkeylog],
          onhandshakestart: [Function: noop],
          onhandshakedone: [Function (anonymous)],
          onocspresponse: [Function: onocspresponse],
          onnewsession: [Function: onnewsessionclient],
          onerror: [Function: onerror],
          [Symbol(owner_symbol)]: [Circular *1],
          [Symbol(resource_symbol)]: ReusedHandle { type: 57, handle: [Circular *2] }
        },
        [Symbol(verified)]: true,
        [Symbol(pendingSession)]: null,
        [Symbol(async_id_symbol)]: -1,
        [Symbol(kHandle)]: <ref *2> TLSWrap {
          _parent: TCP {
            reading: [Getter/Setter],
            onconnection: null,
            [Symbol(owner_symbol)]: [Circular *1]
          },
          _parentWrap: null,
          _secureContext: SecureContext { context: SecureContext {} },
          reading: true,
          onkeylog: [Function: onkeylog],
          onhandshakestart: [Function: noop],
          onhandshakedone: [Function (anonymous)],
          onocspresponse: [Function: onocspresponse],
          onnewsession: [Function: onnewsessionclient],
          onerror: [Function: onerror],
          [Symbol(owner_symbol)]: [Circular *1],
          [Symbol(resource_symbol)]: ReusedHandle { type: 57, handle: [Circular *2] }
        },
        [Symbol(lastWriteQueueSize)]: 0,
        [Symbol(timeout)]: Timeout {
          _idleTimeout: 5000,
          _idlePrev: [TimersList],
          _idleNext: [TimersList],
          _idleStart: 43836,
          _onTimeout: [Function: bound ],
          _timerArgs: undefined,
          _repeat: null,
          _destroyed: false,
          [Symbol(refed)]: false,
          [Symbol(kHasPrimitive)]: false,
          [Symbol(asyncId)]: 901,
          [Symbol(triggerId)]: 899
        },
        [Symbol(kBuffer)]: null,
        [Symbol(kBufferCb)]: null,
        [Symbol(kBufferGen)]: null,
        [Symbol(shapeMode)]: true,
        [Symbol(kCapture)]: false,
        [Symbol(kSetNoDelay)]: false,
        [Symbol(kSetKeepAlive)]: true,
        [Symbol(kSetKeepAliveInitialDelay)]: 1,
        [Symbol(kBytesRead)]: 0,
        [Symbol(kBytesWritten)]: 0,
        [Symbol(connect-options)]: {
          rejectUnauthorized: true,
          ciphers: 'TLS_AES_256_GCM_SHA384:TLS_CHACHA20_POLY1305_SHA256:TLS_AES_128_GCM_SHA256:ECDHE-RSA-AES128-GCM-SHA256:ECDHE-ECDSA-AES128-GCM-SHA256:ECDHE-RSA-AES256-GCM-SHA384:ECDHE-ECDSA-AES256-GCM-SHA384:DHE-RSA-AES128-GCM-SHA256:ECDHE-RSA-AES128-SHA256:DHE-RSA-AES128-SHA256:ECDHE-RSA-AES256-SHA384:DHE-RSA-AES256-SHA384:ECDHE-RSA-AES256-SHA256:DHE-RSA-AES256-SHA256:HIGH:!aNULL:!eNULL:!EXPORT:!DES:!RC4:!MD5:!PSK:!SRP:!CAMELLIA',
          checkServerIdentity: [Function: checkServerIdentity],
          minDHSize: 1024,
          maxRedirects: 21,
          maxBodyLength: Infinity,
          protocol: 'https:',
          path: null,
          method: 'POST',
          headers: [Object: null prototype] {
            Accept: 'application/json, text/plain, */*',
            'Content-Type': 'application/json',
            'User-Agent': 'axios/1.13.2',
            'Content-Length': '191',
            'Accept-Encoding': 'gzip, compress, deflate, br'
          },
          agents: { http: undefined, https: undefined },
          auth: undefined,
          family: undefined,
          beforeRedirect: [Function: dispatchBeforeRedirect],
          beforeRedirects: { proxy: [Function: beforeRedirect] },
          http2Options: undefined,
          hostname: 'generativelanguage.googleapis.com',
          port: 443,
          agent: undefined,
          nativeProtocols: <ref *5> {
            'http:': {
              _connectionListener: [Function: connectionListener],
              METHODS: [
                'ACL',        'BIND',        'CHECKOUT',
                'CONNECT',    'COPY',        'DELETE',
                'GET',        'HEAD',        'LINK',
                'LOCK',       'M-SEARCH',    'MERGE',
                'MKACTIVITY', 'MKCALENDAR',  'MKCOL',
                'MOVE',       'NOTIFY',      'OPTIONS',
                'PATCH',      'POST',        'PROPFIND',
                'PROPPATCH',  'PURGE',       'PUT',
                'QUERY',      'REBIND',      'REPORT',
                'SEARCH',     'SOURCE',      'SUBSCRIBE',
                'TRACE',      'UNBIND',      'UNLINK',
                'UNLOCK',     'UNSUBSCRIBE'
              ],
              STATUS_CODES: {
                '100': 'Continue',
                '101': 'Switching Protocols',
                '102': 'Processing',
                '103': 'Early Hints',
                '200': 'OK',
                '201': 'Created',
                '202': 'Accepted',
                '203': 'Non-Authoritative Information',
                '204': 'No Content',
                '205': 'Reset Content',
                '206': 'Partial Content',
                '207': 'Multi-Status',
                '208': 'Already Reported',
                '226': 'IM Used',
                '300': 'Multiple Choices',
                '301': 'Moved Permanently',
                '302': 'Found',
                '303': 'See Other',
                '304': 'Not Modified',
                '305': 'Use Proxy',
                '307': 'Temporary Redirect',
                '308': 'Permanent Redirect',
                '400': 'Bad Request',
                '401': 'Unauthorized',
                '402': 'Payment Required',
                '403': 'Forbidden',
                '404': 'Not Found',
                '405': 'Method Not Allowed',
                '406': 'Not Acceptable',
                '407': 'Proxy Authentication Required',
                '408': 'Request Timeout',
                '409': 'Conflict',
                '410': 'Gone',
                '411': 'Length Required',
                '412': 'Precondition Failed',
                '413': 'Payload Too Large',
                '414': 'URI Too Long',
                '415': 'Unsupported Media Type',
                '416': 'Range Not Satisfiable',
                '417': 'Expectation Failed',
                '418': "I'm a Teapot",
                '421': 'Misdirected Request',
                '422': 'Unprocessable Entity',
                '423': 'Locked',
                '424': 'Failed Dependency',
                '425': 'Too Early',
                '426': 'Upgrade Required',
                '428': 'Precondition Required',
                '429': 'Too Many Requests',
                '431': 'Request Header Fields Too Large',
                '451': 'Unavailable For Legal Reasons',
                '500': 'Internal Server Error',
                '501': 'Not Implemented',
                '502': 'Bad Gateway',
                '503': 'Service Unavailable',
                '504': 'Gateway Timeout',
                '505': 'HTTP Version Not Supported',
                '506': 'Variant Also Negotiates',
                '507': 'Insufficient Storage',
                '508': 'Loop Detected',
                '509': 'Bandwidth Limit Exceeded',
                '510': 'Not Extended',
                '511': 'Network Authentication Required'
              },
              Agent: [Function: Agent] { defaultMaxSockets: Infinity },
              ClientRequest: [Function: ClientRequest],
              IncomingMessage: [Function: IncomingMessage],
              OutgoingMessage: [Function: OutgoingMessage],
              Server: [Function: Server],
              ServerResponse: [Function: ServerResponse],
              createServer: [Function: createServer],
              validateHeaderName: [Function: wrappedFn] {
                withoutStackTrace: [Function (anonymous)]
              },
              validateHeaderValue: [Function: wrappedFn] {
                withoutStackTrace: [Function (anonymous)]
              },
              get: [Function: get],
              request: [Function: request],
              setMaxIdleHTTPParsers: [Function: setMaxIdleHTTPParsers],
              maxHeaderSize: [Getter],
              globalAgent: [Getter/Setter]
            },
            'https:': {
              Agent: [Function: Agent],
              globalAgent: <ref *3> Agent {
                _events: [Object: null prototype] {
                  free: [Function (anonymous)],
                  newListener: [Function: maybeEnableKeylog]
                },
                _eventsCount: 2,
                _maxListeners: undefined,
                defaultPort: 443,
                protocol: 'https:',
                options: [Object: null prototype] {
                  keepAlive: true,
                  scheduling: 'lifo',
                  timeout: 5000,
                  noDelay: true,
                  path: null
                },
                requests: [Object: null prototype] {},
                sockets: [Object: null prototype] {},
                freeSockets: [Object: null prototype] {
                  'generativelanguage.googleapis.com:443:::::::::::::::::::::': [ [Circular *1] ]
                },
                keepAliveMsecs: 1000,
                keepAlive: true,
                maxSockets: Infinity,
                maxFreeSockets: 256,
                scheduling: 'lifo',
                maxTotalSockets: Infinity,
                totalSocketCount: 1,
                maxCachedSessions: 100,
                _sessionCache: {
                  map: {
                    'generativelanguage.googleapis.com:443:::::::::::::::::::::': <Buffer 30 82 07 6f 02 01 01 02 02 03 04 04 02 13 02 04 20 d0 05 51 0e b7 58 53 fe 42 50 29 70 f0 86 6d f5 8e b0 e3 50 5e 5a 14 26 98 32 5f 74 98 fa 3a 97 04 ... 1857 more bytes>
                  },
                  list: [
                    'generativelanguage.googleapis.com:443:::::::::::::::::::::'
                  ]
                },
                [Symbol(shapeMode)]: false,
                [Symbol(kCapture)]: false
              },
              Server: [Function: Server],
              createServer: [Function: createServer],
              get: [Function: get],
              request: [Function: request]
            }
          },
          pathname: '/v1beta/models/gemini-embedding-2-preview:embedContent',
          search: '?key=AIzaSyAmqPIIk0S-QQeJRHt_zdS4JSZWn4th8uk',
          _defaultAgent: <ref *3> Agent {
            _events: [Object: null prototype] {
              free: [Function (anonymous)],
              newListener: [Function: maybeEnableKeylog]
            },
            _eventsCount: 2,
            _maxListeners: undefined,
            defaultPort: 443,
            protocol: 'https:',
            options: [Object: null prototype] {
              keepAlive: true,
              scheduling: 'lifo',
              timeout: 5000,
              noDelay: true,
              path: null
            },
            requests: [Object: null prototype] {},
            sockets: [Object: null prototype] {},
            freeSockets: [Object: null prototype] {
              'generativelanguage.googleapis.com:443:::::::::::::::::::::': [ [Circular *1] ]
            },
            keepAliveMsecs: 1000,
            keepAlive: true,
            maxSockets: Infinity,
            maxFreeSockets: 256,
            scheduling: 'lifo',
            maxTotalSockets: Infinity,
            totalSocketCount: 1,
            maxCachedSessions: 100,
            _sessionCache: {
              map: {
                'generativelanguage.googleapis.com:443:::::::::::::::::::::': <Buffer 30 82 07 6f 02 01 01 02 02 03 04 04 02 13 02 04 20 d0 05 51 0e b7 58 53 fe 42 50 29 70 f0 86 6d f5 8e b0 e3 50 5e 5a 14 26 98 32 5f 74 98 fa 3a 97 04 ... 1857 more bytes>
              },
              list: [
                'generativelanguage.googleapis.com:443:::::::::::::::::::::'
              ]
            },
            [Symbol(shapeMode)]: false,
            [Symbol(kCapture)]: false
          },
          host: 'generativelanguage.googleapis.com',
          keepAlive: true,
          scheduling: 'lifo',
          timeout: 5000,
          noDelay: true,
          servername: 'generativelanguage.googleapis.com',
          _agentKey: 'generativelanguage.googleapis.com:443:::::::::::::::::::::',
          encoding: null,
          keepAliveInitialDelay: 1000
        }
      },
      _header: 'POST /v1beta/models/gemini-embedding-2-preview:embedContent?key=AIzaSyAmqPIIk0S-QQeJRHt_zdS4JSZWn4th8uk HTTP/1.1\r\n' +
        'Accept: application/json, text/plain, */*\r\n' +
        'Content-Type: application/json\r\n' +
        'User-Agent: axios/1.13.2\r\n' +
        'Content-Length: 191\r\n' +
        'Accept-Encoding: gzip, compress, deflate, br\r\n' +
        'Host: generativelanguage.googleapis.com\r\n' +
        'Connection: keep-alive\r\n' +
        '\r\n',
      _keepAliveTimeout: 0,
      _onPendingData: [Function: nop],
      agent: <ref *3> Agent {
        _events: [Object: null prototype] {
          free: [Function (anonymous)],
          newListener: [Function: maybeEnableKeylog]
        },
        _eventsCount: 2,
        _maxListeners: undefined,
        defaultPort: 443,
        protocol: 'https:',
        options: [Object: null prototype] {
          keepAlive: true,
          scheduling: 'lifo',
          timeout: 5000,
          noDelay: true,
          path: null
        },
        requests: [Object: null prototype] {},
        sockets: [Object: null prototype] {},
        freeSockets: [Object: null prototype] {
          'generativelanguage.googleapis.com:443:::::::::::::::::::::': [
            <ref *1> TLSSocket {
              _tlsOptions: {
                allowHalfOpen: undefined,
                pipe: false,
                secureContext: SecureContext { context: SecureContext {} },
                isServer: false,
                requestCert: true,
                rejectUnauthorized: true,
                session: undefined,
                ALPNProtocols: undefined,
                requestOCSP: undefined,
                enableTrace: undefined,
                pskCallback: undefined,
                highWaterMark: undefined,
                onread: undefined,
                signal: undefined
              },
              _secureEstablished: true,
              _securePending: false,
              _newSessionPending: false,
              _controlReleased: true,
              secureConnecting: false,
              _SNICallback: null,
              servername: 'generativelanguage.googleapis.com',
              alpnProtocol: false,
              authorized: true,
              authorizationError: null,
              encrypted: true,
              _events: [Object: null prototype] {
                close: [
                  [Function: onSocketCloseDestroySSL],
                  [Function: bound onceWrapper] {
                    listener: [Function (anonymous)]
                  },
                  [Function: onClose]
                ],
                end: [Function: onReadableStreamEnd],
                error: [Function: bound onceWrapper] {
                  listener: [Function: freeSocketErrorListener]
                },
                newListener: [Function: keylogNewListener],
                connect: undefined,
                secure: [Function: onConnectSecure],
                session: [Function (anonymous)],
                free: [Function: onFree],
                timeout: [ [Function: onTimeout], [Function (anonymous)] ],
                agentRemove: [Function: onRemove],
                data: undefined,
                drain: undefined
              },
              _eventsCount: 9,
              connecting: false,
              _hadError: false,
              _parent: null,
              _host: 'generativelanguage.googleapis.com',
              _closeAfterHandlingError: false,
              _readableState: ReadableState {
                highWaterMark: 16384,
                buffer: [],
                bufferIndex: 0,
                length: 0,
                pipes: [],
                awaitDrainWriters: null,
                [Symbol(kState)]: 60303620
              },
              _writableState: WritableState {
                highWaterMark: 16384,
                length: 0,
                corked: 0,
                onwrite: [Function: bound onwrite],
                writelen: 0,
                bufferedIndex: 0,
                pendingcb: 0,
                [Symbol(kState)]: 17563908,
                [Symbol(kBufferedValue)]: null,
                [Symbol(kWriteCbValue)]: null
              },
              allowHalfOpen: false,
              _maxListeners: undefined,
              _sockname: null,
              _pendingData: null,
              _pendingEncoding: '',
              server: undefined,
              _server: null,
              ssl: <ref *2> TLSWrap {
                _parent: TCP {
                  reading: [Getter/Setter],
                  onconnection: null,
                  [Symbol(owner_symbol)]: [Circular *1]
                },
                _parentWrap: null,
                _secureContext: SecureContext { context: SecureContext {} },
                reading: true,
                onkeylog: [Function: onkeylog],
                onhandshakestart: [Function: noop],
                onhandshakedone: [Function (anonymous)],
                onocspresponse: [Function: onocspresponse],
                onnewsession: [Function: onnewsessionclient],
                onerror: [Function: onerror],
                [Symbol(owner_symbol)]: [Circular *1],
                [Symbol(resource_symbol)]: ReusedHandle { type: 57, handle: [Circular *2] }
              },
              _requestCert: true,
              _rejectUnauthorized: true,
              timeout: 5000,
              parser: null,
              _httpMessage: null,
              autoSelectFamilyAttemptedAddresses: [ '142.250.74.10:443' ],
              [Symbol(alpncallback)]: null,
              [Symbol(res)]: <ref *2> TLSWrap {
                _parent: TCP {
                  reading: [Getter/Setter],
                  onconnection: null,
                  [Symbol(owner_symbol)]: [Circular *1]
                },
                _parentWrap: null,
                _secureContext: SecureContext { context: SecureContext {} },
                reading: true,
                onkeylog: [Function: onkeylog],
                onhandshakestart: [Function: noop],
                onhandshakedone: [Function (anonymous)],
                onocspresponse: [Function: onocspresponse],
                onnewsession: [Function: onnewsessionclient],
                onerror: [Function: onerror],
                [Symbol(owner_symbol)]: [Circular *1],
                [Symbol(resource_symbol)]: ReusedHandle { type: 57, handle: [Circular *2] }
              },
              [Symbol(verified)]: true,
              [Symbol(pendingSession)]: null,
              [Symbol(async_id_symbol)]: -1,
              [Symbol(kHandle)]: <ref *2> TLSWrap {
                _parent: TCP {
                  reading: [Getter/Setter],
                  onconnection: null,
                  [Symbol(owner_symbol)]: [Circular *1]
                },
                _parentWrap: null,
                _secureContext: SecureContext { context: SecureContext {} },
                reading: true,
                onkeylog: [Function: onkeylog],
                onhandshakestart: [Function: noop],
                onhandshakedone: [Function (anonymous)],
                onocspresponse: [Function: onocspresponse],
                onnewsession: [Function: onnewsessionclient],
                onerror: [Function: onerror],
                [Symbol(owner_symbol)]: [Circular *1],
                [Symbol(resource_symbol)]: ReusedHandle { type: 57, handle: [Circular *2] }
              },
              [Symbol(lastWriteQueueSize)]: 0,
              [Symbol(timeout)]: Timeout {
                _idleTimeout: 5000,
                _idlePrev: [TimersList],
                _idleNext: [TimersList],
                _idleStart: 43836,
                _onTimeout: [Function: bound ],
                _timerArgs: undefined,
                _repeat: null,
                _destroyed: false,
                [Symbol(refed)]: false,
                [Symbol(kHasPrimitive)]: false,
                [Symbol(asyncId)]: 901,
                [Symbol(triggerId)]: 899
              },
              [Symbol(kBuffer)]: null,
              [Symbol(kBufferCb)]: null,
              [Symbol(kBufferGen)]: null,
              [Symbol(shapeMode)]: true,
              [Symbol(kCapture)]: false,
              [Symbol(kSetNoDelay)]: false,
              [Symbol(kSetKeepAlive)]: true,
              [Symbol(kSetKeepAliveInitialDelay)]: 1,
              [Symbol(kBytesRead)]: 0,
              [Symbol(kBytesWritten)]: 0,
              [Symbol(connect-options)]: {
                rejectUnauthorized: true,
                ciphers: 'TLS_AES_256_GCM_SHA384:TLS_CHACHA20_POLY1305_SHA256:TLS_AES_128_GCM_SHA256:ECDHE-RSA-AES128-GCM-SHA256:ECDHE-ECDSA-AES128-GCM-SHA256:ECDHE-RSA-AES256-GCM-SHA384:ECDHE-ECDSA-AES256-GCM-SHA384:DHE-RSA-AES128-GCM-SHA256:ECDHE-RSA-AES128-SHA256:DHE-RSA-AES128-SHA256:ECDHE-RSA-AES256-SHA384:DHE-RSA-AES256-SHA384:ECDHE-RSA-AES256-SHA256:DHE-RSA-AES256-SHA256:HIGH:!aNULL:!eNULL:!EXPORT:!DES:!RC4:!MD5:!PSK:!SRP:!CAMELLIA',
                checkServerIdentity: [Function: checkServerIdentity],
                minDHSize: 1024,
                maxRedirects: 21,
                maxBodyLength: Infinity,
                protocol: 'https:',
                path: null,
                method: 'POST',
                headers: [Object: null prototype] {
                  Accept: 'application/json, text/plain, */*',
                  'Content-Type': 'application/json',
                  'User-Agent': 'axios/1.13.2',
                  'Content-Length': '191',
                  'Accept-Encoding': 'gzip, compress, deflate, br'
                },
                agents: { http: undefined, https: undefined },
                auth: undefined,
                family: undefined,
                beforeRedirect: [Function: dispatchBeforeRedirect],
                beforeRedirects: { proxy: [Function: beforeRedirect] },
                http2Options: undefined,
                hostname: 'generativelanguage.googleapis.com',
                port: 443,
                agent: undefined,
                nativeProtocols: <ref *5> {
                  'http:': {
                    _connectionListener: [Function: connectionListener],
                    METHODS: [
                      'ACL',        'BIND',        'CHECKOUT',
                      'CONNECT',    'COPY',        'DELETE',
                      'GET',        'HEAD',        'LINK',
                      'LOCK',       'M-SEARCH',    'MERGE',
                      'MKACTIVITY', 'MKCALENDAR',  'MKCOL',
                      'MOVE',       'NOTIFY',      'OPTIONS',
                      'PATCH',      'POST',        'PROPFIND',
                      'PROPPATCH',  'PURGE',       'PUT',
                      'QUERY',      'REBIND',      'REPORT',
                      'SEARCH',     'SOURCE',      'SUBSCRIBE',
                      'TRACE',      'UNBIND',      'UNLINK',
                      'UNLOCK',     'UNSUBSCRIBE'
                    ],
                    STATUS_CODES: {
                      '100': 'Continue',
                      '101': 'Switching Protocols',
                      '102': 'Processing',
                      '103': 'Early Hints',
                      '200': 'OK',
                      '201': 'Created',
                      '202': 'Accepted',
                      '203': 'Non-Authoritative Information',
                      '204': 'No Content',
                      '205': 'Reset Content',
                      '206': 'Partial Content',
                      '207': 'Multi-Status',
                      '208': 'Already Reported',
                      '226': 'IM Used',
                      '300': 'Multiple Choices',
                      '301': 'Moved Permanently',
                      '302': 'Found',
                      '303': 'See Other',
                      '304': 'Not Modified',
                      '305': 'Use Proxy',
                      '307': 'Temporary Redirect',
                      '308': 'Permanent Redirect',
                      '400': 'Bad Request',
                      '401': 'Unauthorized',
                      '402': 'Payment Required',
                      '403': 'Forbidden',
                      '404': 'Not Found',
                      '405': 'Method Not Allowed',
                      '406': 'Not Acceptable',
                      '407': 'Proxy Authentication Required',
                      '408': 'Request Timeout',
                      '409': 'Conflict',
                      '410': 'Gone',
                      '411': 'Length Required',
                      '412': 'Precondition Failed',
                      '413': 'Payload Too Large',
                      '414': 'URI Too Long',
                      '415': 'Unsupported Media Type',
                      '416': 'Range Not Satisfiable',
                      '417': 'Expectation Failed',
                      '418': "I'm a Teapot",
                      '421': 'Misdirected Request',
                      '422': 'Unprocessable Entity',
                      '423': 'Locked',
                      '424': 'Failed Dependency',
                      '425': 'Too Early',
                      '426': 'Upgrade Required',
                      '428': 'Precondition Required',
                      '429': 'Too Many Requests',
                      '431': 'Request Header Fields Too Large',
                      '451': 'Unavailable For Legal Reasons',
                      '500': 'Internal Server Error',
                      '501': 'Not Implemented',
                      '502': 'Bad Gateway',
                      '503': 'Service Unavailable',
                      '504': 'Gateway Timeout',
                      '505': 'HTTP Version Not Supported',
                      '506': 'Variant Also Negotiates',
                      '507': 'Insufficient Storage',
                      '508': 'Loop Detected',
                      '509': 'Bandwidth Limit Exceeded',
                      '510': 'Not Extended',
                      '511': 'Network Authentication Required'
                    },
                    Agent: [Function: Agent] { defaultMaxSockets: Infinity },
                    ClientRequest: [Function: ClientRequest],
                    IncomingMessage: [Function: IncomingMessage],
                    OutgoingMessage: [Function: OutgoingMessage],
                    Server: [Function: Server],
                    ServerResponse: [Function: ServerResponse],
                    createServer: [Function: createServer],
                    validateHeaderName: [Function: wrappedFn] {
                      withoutStackTrace: [Function (anonymous)]
                    },
                    validateHeaderValue: [Function: wrappedFn] {
                      withoutStackTrace: [Function (anonymous)]
                    },
                    get: [Function: get],
                    request: [Function: request],
                    setMaxIdleHTTPParsers: [Function: setMaxIdleHTTPParsers],
                    maxHeaderSize: [Getter],
                    globalAgent: [Getter/Setter]
                  },
                  'https:': {
                    Agent: [Function: Agent],
                    globalAgent: [Circular *3],
                    Server: [Function: Server],
                    createServer: [Function: createServer],
                    get: [Function: get],
                    request: [Function: request]
                  }
                },
                pathname: '/v1beta/models/gemini-embedding-2-preview:embedContent',
                search: '?key=AIzaSyAmqPIIk0S-QQeJRHt_zdS4JSZWn4th8uk',
                _defaultAgent: [Circular *3],
                host: 'generativelanguage.googleapis.com',
                keepAlive: true,
                scheduling: 'lifo',
                timeout: 5000,
                noDelay: true,
                servername: 'generativelanguage.googleapis.com',
                _agentKey: 'generativelanguage.googleapis.com:443:::::::::::::::::::::',
                encoding: null,
                keepAliveInitialDelay: 1000
              }
            }
          ]
        },
        keepAliveMsecs: 1000,
        keepAlive: true,
        maxSockets: Infinity,
        maxFreeSockets: 256,
        scheduling: 'lifo',
        maxTotalSockets: Infinity,
        totalSocketCount: 1,
        maxCachedSessions: 100,
        _sessionCache: {
          map: {
            'generativelanguage.googleapis.com:443:::::::::::::::::::::': <Buffer 30 82 07 6f 02 01 01 02 02 03 04 04 02 13 02 04 20 d0 05 51 0e b7 58 53 fe 42 50 29 70 f0 86 6d f5 8e b0 e3 50 5e 5a 14 26 98 32 5f 74 98 fa 3a 97 04 ... 1857 more bytes>
          },
          list: [
            'generativelanguage.googleapis.com:443:::::::::::::::::::::'
          ]
        },
        [Symbol(shapeMode)]: false,
        [Symbol(kCapture)]: false
      },
      socketPath: undefined,
      method: 'POST',
      maxHeaderSize: undefined,
      insecureHTTPParser: undefined,
      joinDuplicateHeaders: undefined,
      path: '/v1beta/models/gemini-embedding-2-preview:embedContent?key=AIzaSyAmqPIIk0S-QQeJRHt_zdS4JSZWn4th8uk',
      _ended: true,
      res: IncomingMessage {
        _events: {
          close: [
            [Function (anonymous)],
            [Function: onclose],
            [Function: onclose]
          ],
          error: [
            [Function: onerror],
            [Function: onError],
            [Function: onerror]
          ],
          data: undefined,
          end: [
            [Function: responseOnEnd],
            [Function: onend],
            [Function: onend]
          ],
          readable: undefined,
          finish: [ [Function: onfinish], [Function: onfinish] ]
        },
        _readableState: ReadableState {
          highWaterMark: 16384,
          buffer: [],
          bufferIndex: 0,
          length: 0,
          pipes: [],
          awaitDrainWriters: null,
          [Symbol(kState)]: 110626684
        },
        _maxListeners: undefined,
        socket: null,
        httpVersionMajor: 1,
        httpVersionMinor: 1,
        httpVersion: '1.1',
        complete: true,
        rawHeaders: [
          'Vary',
          'Origin',
          'Vary',
          'X-Origin',
          'Vary',
          'Referer',
          'Content-Type',
          'application/json; charset=UTF-8',
          'Content-Encoding',
          'gzip',
          'Date',
          'Mon, 13 Apr 2026 11:04:15 GMT',
          'Server',
          'scaffolding on HTTPServer2',
          'X-XSS-Protection',
          '0',
          'X-Frame-Options',
          'SAMEORIGIN',
          'X-Content-Type-Options',
          'nosniff',
          'Server-Timing',
          'gfet4t7; dur=247',
          'Alt-Svc',
          'h3=":443"; ma=2592000,h3-29=":443"; ma=2592000',
          'Transfer-Encoding',
          'chunked'
        ],
        rawTrailers: [],
        joinDuplicateHeaders: undefined,
        aborted: false,
        upgrade: false,
        url: '',
        method: null,
        statusCode: 429,
        statusMessage: 'Too Many Requests',
        client: <ref *1> TLSSocket {
          _tlsOptions: {
            allowHalfOpen: undefined,
            pipe: false,
            secureContext: SecureContext { context: SecureContext {} },
            isServer: false,
            requestCert: true,
            rejectUnauthorized: true,
            session: undefined,
            ALPNProtocols: undefined,
            requestOCSP: undefined,
            enableTrace: undefined,
            pskCallback: undefined,
            highWaterMark: undefined,
            onread: undefined,
            signal: undefined
          },
          _secureEstablished: true,
          _securePending: false,
          _newSessionPending: false,
          _controlReleased: true,
          secureConnecting: false,
          _SNICallback: null,
          servername: 'generativelanguage.googleapis.com',
          alpnProtocol: false,
          authorized: true,
          authorizationError: null,
          encrypted: true,
          _events: [Object: null prototype] {
            close: [
              [Function: onSocketCloseDestroySSL],
              [Function: bound onceWrapper] {
                listener: [Function (anonymous)]
              },
              [Function: onClose]
            ],
            end: [Function: onReadableStreamEnd],
            error: [Function: bound onceWrapper] {
              listener: [Function: freeSocketErrorListener]
            },
            newListener: [Function: keylogNewListener],
            connect: undefined,
            secure: [Function: onConnectSecure],
            session: [Function (anonymous)],
            free: [Function: onFree],
            timeout: [ [Function: onTimeout], [Function (anonymous)] ],
            agentRemove: [Function: onRemove],
            data: undefined,
            drain: undefined
          },
          _eventsCount: 9,
          connecting: false,
          _hadError: false,
          _parent: null,
          _host: 'generativelanguage.googleapis.com',
          _closeAfterHandlingError: false,
          _readableState: ReadableState {
            highWaterMark: 16384,
            buffer: [],
            bufferIndex: 0,
            length: 0,
            pipes: [],
            awaitDrainWriters: null,
            [Symbol(kState)]: 60303620
          },
          _writableState: WritableState {
            highWaterMark: 16384,
            length: 0,
            corked: 0,
            onwrite: [Function: bound onwrite],
            writelen: 0,
            bufferedIndex: 0,
            pendingcb: 0,
            [Symbol(kState)]: 17563908,
            [Symbol(kBufferedValue)]: null,
            [Symbol(kWriteCbValue)]: null
          },
          allowHalfOpen: false,
          _maxListeners: undefined,
          _sockname: null,
          _pendingData: null,
          _pendingEncoding: '',
          server: undefined,
          _server: null,
          ssl: <ref *2> TLSWrap {
            _parent: TCP {
              reading: [Getter/Setter],
              onconnection: null,
              [Symbol(owner_symbol)]: [Circular *1]
            },
            _parentWrap: null,
            _secureContext: SecureContext { context: SecureContext {} },
            reading: true,
            onkeylog: [Function: onkeylog],
            onhandshakestart: [Function: noop],
            onhandshakedone: [Function (anonymous)],
            onocspresponse: [Function: onocspresponse],
            onnewsession: [Function: onnewsessionclient],
            onerror: [Function: onerror],
            [Symbol(owner_symbol)]: [Circular *1],
            [Symbol(resource_symbol)]: ReusedHandle { type: 57, handle: [Circular *2] }
          },
          _requestCert: true,
          _rejectUnauthorized: true,
          timeout: 5000,
          parser: null,
          _httpMessage: null,
          autoSelectFamilyAttemptedAddresses: [ '142.250.74.10:443' ],
          [Symbol(alpncallback)]: null,
          [Symbol(res)]: <ref *2> TLSWrap {
            _parent: TCP {
              reading: [Getter/Setter],
              onconnection: null,
              [Symbol(owner_symbol)]: [Circular *1]
            },
            _parentWrap: null,
            _secureContext: SecureContext { context: SecureContext {} },
            reading: true,
            onkeylog: [Function: onkeylog],
            onhandshakestart: [Function: noop],
            onhandshakedone: [Function (anonymous)],
            onocspresponse: [Function: onocspresponse],
            onnewsession: [Function: onnewsessionclient],
            onerror: [Function: onerror],
            [Symbol(owner_symbol)]: [Circular *1],
            [Symbol(resource_symbol)]: ReusedHandle { type: 57, handle: [Circular *2] }
          },
          [Symbol(verified)]: true,
          [Symbol(pendingSession)]: null,
          [Symbol(async_id_symbol)]: -1,
          [Symbol(kHandle)]: <ref *2> TLSWrap {
            _parent: TCP {
              reading: [Getter/Setter],
              onconnection: null,
              [Symbol(owner_symbol)]: [Circular *1]
            },
            _parentWrap: null,
            _secureContext: SecureContext { context: SecureContext {} },
            reading: true,
            onkeylog: [Function: onkeylog],
            onhandshakestart: [Function: noop],
            onhandshakedone: [Function (anonymous)],
            onocspresponse: [Function: onocspresponse],
            onnewsession: [Function: onnewsessionclient],
            onerror: [Function: onerror],
            [Symbol(owner_symbol)]: [Circular *1],
            [Symbol(resource_symbol)]: ReusedHandle { type: 57, handle: [Circular *2] }
          },
          [Symbol(lastWriteQueueSize)]: 0,
          [Symbol(timeout)]: Timeout {
            _idleTimeout: 5000,
            _idlePrev: [TimersList],
            _idleNext: [TimersList],
            _idleStart: 43836,
            _onTimeout: [Function: bound ],
            _timerArgs: undefined,
            _repeat: null,
            _destroyed: false,
            [Symbol(refed)]: false,
            [Symbol(kHasPrimitive)]: false,
            [Symbol(asyncId)]: 901,
            [Symbol(triggerId)]: 899
          },
          [Symbol(kBuffer)]: null,
          [Symbol(kBufferCb)]: null,
          [Symbol(kBufferGen)]: null,
          [Symbol(shapeMode)]: true,
          [Symbol(kCapture)]: false,
          [Symbol(kSetNoDelay)]: false,
          [Symbol(kSetKeepAlive)]: true,
          [Symbol(kSetKeepAliveInitialDelay)]: 1,
          [Symbol(kBytesRead)]: 0,
          [Symbol(kBytesWritten)]: 0,
          [Symbol(connect-options)]: {
            rejectUnauthorized: true,
            ciphers: 'TLS_AES_256_GCM_SHA384:TLS_CHACHA20_POLY1305_SHA256:TLS_AES_128_GCM_SHA256:ECDHE-RSA-AES128-GCM-SHA256:ECDHE-ECDSA-AES128-GCM-SHA256:ECDHE-RSA-AES256-GCM-SHA384:ECDHE-ECDSA-AES256-GCM-SHA384:DHE-RSA-AES128-GCM-SHA256:ECDHE-RSA-AES128-SHA256:DHE-RSA-AES128-SHA256:ECDHE-RSA-AES256-SHA384:DHE-RSA-AES256-SHA384:ECDHE-RSA-AES256-SHA256:DHE-RSA-AES256-SHA256:HIGH:!aNULL:!eNULL:!EXPORT:!DES:!RC4:!MD5:!PSK:!SRP:!CAMELLIA',
            checkServerIdentity: [Function: checkServerIdentity],
            minDHSize: 1024,
            maxRedirects: 21,
            maxBodyLength: Infinity,
            protocol: 'https:',
            path: null,
            method: 'POST',
            headers: [Object: null prototype] {
              Accept: 'application/json, text/plain, */*',
              'Content-Type': 'application/json',
              'User-Agent': 'axios/1.13.2',
              'Content-Length': '191',
              'Accept-Encoding': 'gzip, compress, deflate, br'
            },
            agents: { http: undefined, https: undefined },
            auth: undefined,
            family: undefined,
            beforeRedirect: [Function: dispatchBeforeRedirect],
            beforeRedirects: { proxy: [Function: beforeRedirect] },
            http2Options: undefined,
            hostname: 'generativelanguage.googleapis.com',
            port: 443,
            agent: undefined,
            nativeProtocols: <ref *5> {
              'http:': {
                _connectionListener: [Function: connectionListener],
                METHODS: [
                  'ACL',        'BIND',        'CHECKOUT',
                  'CONNECT',    'COPY',        'DELETE',
                  'GET',        'HEAD',        'LINK',
                  'LOCK',       'M-SEARCH',    'MERGE',
                  'MKACTIVITY', 'MKCALENDAR',  'MKCOL',
                  'MOVE',       'NOTIFY',      'OPTIONS',
                  'PATCH',      'POST',        'PROPFIND',
                  'PROPPATCH',  'PURGE',       'PUT',
                  'QUERY',      'REBIND',      'REPORT',
                  'SEARCH',     'SOURCE',      'SUBSCRIBE',
                  'TRACE',      'UNBIND',      'UNLINK',
                  'UNLOCK',     'UNSUBSCRIBE'
                ],
                STATUS_CODES: {
                  '100': 'Continue',
                  '101': 'Switching Protocols',
                  '102': 'Processing',
                  '103': 'Early Hints',
                  '200': 'OK',
                  '201': 'Created',
                  '202': 'Accepted',
                  '203': 'Non-Authoritative Information',
                  '204': 'No Content',
                  '205': 'Reset Content',
                  '206': 'Partial Content',
                  '207': 'Multi-Status',
                  '208': 'Already Reported',
                  '226': 'IM Used',
                  '300': 'Multiple Choices',
                  '301': 'Moved Permanently',
                  '302': 'Found',
                  '303': 'See Other',
                  '304': 'Not Modified',
                  '305': 'Use Proxy',
                  '307': 'Temporary Redirect',
                  '308': 'Permanent Redirect',
                  '400': 'Bad Request',
                  '401': 'Unauthorized',
                  '402': 'Payment Required',
                  '403': 'Forbidden',
                  '404': 'Not Found',
                  '405': 'Method Not Allowed',
                  '406': 'Not Acceptable',
                  '407': 'Proxy Authentication Required',
                  '408': 'Request Timeout',
                  '409': 'Conflict',
                  '410': 'Gone',
                  '411': 'Length Required',
                  '412': 'Precondition Failed',
                  '413': 'Payload Too Large',
                  '414': 'URI Too Long',
                  '415': 'Unsupported Media Type',
                  '416': 'Range Not Satisfiable',
                  '417': 'Expectation Failed',
                  '418': "I'm a Teapot",
                  '421': 'Misdirected Request',
                  '422': 'Unprocessable Entity',
                  '423': 'Locked',
                  '424': 'Failed Dependency',
                  '425': 'Too Early',
                  '426': 'Upgrade Required',
                  '428': 'Precondition Required',
                  '429': 'Too Many Requests',
                  '431': 'Request Header Fields Too Large',
                  '451': 'Unavailable For Legal Reasons',
                  '500': 'Internal Server Error',
                  '501': 'Not Implemented',
                  '502': 'Bad Gateway',
                  '503': 'Service Unavailable',
                  '504': 'Gateway Timeout',
                  '505': 'HTTP Version Not Supported',
                  '506': 'Variant Also Negotiates',
                  '507': 'Insufficient Storage',
                  '508': 'Loop Detected',
                  '509': 'Bandwidth Limit Exceeded',
                  '510': 'Not Extended',
                  '511': 'Network Authentication Required'
                },
                Agent: [Function: Agent] { defaultMaxSockets: Infinity },
                ClientRequest: [Function: ClientRequest],
                IncomingMessage: [Function: IncomingMessage],
                OutgoingMessage: [Function: OutgoingMessage],
                Server: [Function: Server],
                ServerResponse: [Function: ServerResponse],
                createServer: [Function: createServer],
                validateHeaderName: [Function: wrappedFn] {
                  withoutStackTrace: [Function (anonymous)]
                },
                validateHeaderValue: [Function: wrappedFn] {
                  withoutStackTrace: [Function (anonymous)]
                },
                get: [Function: get],
                request: [Function: request],
                setMaxIdleHTTPParsers: [Function: setMaxIdleHTTPParsers],
                maxHeaderSize: [Getter],
                globalAgent: [Getter/Setter]
              },
              'https:': {
                Agent: [Function: Agent],
                globalAgent: <ref *3> Agent {
                  _events: [Object: null prototype] {
                    free: [Function (anonymous)],
                    newListener: [Function: maybeEnableKeylog]
                  },
                  _eventsCount: 2,
                  _maxListeners: undefined,
                  defaultPort: 443,
                  protocol: 'https:',
                  options: [Object: null prototype] {
                    keepAlive: true,
                    scheduling: 'lifo',
                    timeout: 5000,
                    noDelay: true,
                    path: null
                  },
                  requests: [Object: null prototype] {},
                  sockets: [Object: null prototype] {},
                  freeSockets: [Object: null prototype] {
                    'generativelanguage.googleapis.com:443:::::::::::::::::::::': [ [Circular *1] ]
                  },
                  keepAliveMsecs: 1000,
                  keepAlive: true,
                  maxSockets: Infinity,
                  maxFreeSockets: 256,
                  scheduling: 'lifo',
                  maxTotalSockets: Infinity,
                  totalSocketCount: 1,
                  maxCachedSessions: 100,
                  _sessionCache: {
                    map: {
                      'generativelanguage.googleapis.com:443:::::::::::::::::::::': <Buffer 30 82 07 6f 02 01 01 02 02 03 04 04 02 13 02 04 20 d0 05 51 0e b7 58 53 fe 42 50 29 70 f0 86 6d f5 8e b0 e3 50 5e 5a 14 26 98 32 5f 74 98 fa 3a 97 04 ... 1857 more bytes>
                    },
                    list: [
                      'generativelanguage.googleapis.com:443:::::::::::::::::::::'
                    ]
                  },
                  [Symbol(shapeMode)]: false,
                  [Symbol(kCapture)]: false
                },
                Server: [Function: Server],
                createServer: [Function: createServer],
                get: [Function: get],
                request: [Function: request]
              }
            },
            pathname: '/v1beta/models/gemini-embedding-2-preview:embedContent',
            search: '?key=AIzaSyAmqPIIk0S-QQeJRHt_zdS4JSZWn4th8uk',
            _defaultAgent: <ref *3> Agent {
              _events: [Object: null prototype] {
                free: [Function (anonymous)],
                newListener: [Function: maybeEnableKeylog]
              },
              _eventsCount: 2,
              _maxListeners: undefined,
              defaultPort: 443,
              protocol: 'https:',
              options: [Object: null prototype] {
                keepAlive: true,
                scheduling: 'lifo',
                timeout: 5000,
                noDelay: true,
                path: null
              },
              requests: [Object: null prototype] {},
              sockets: [Object: null prototype] {},
              freeSockets: [Object: null prototype] {
                'generativelanguage.googleapis.com:443:::::::::::::::::::::': [ [Circular *1] ]
              },
              keepAliveMsecs: 1000,
              keepAlive: true,
              maxSockets: Infinity,
              maxFreeSockets: 256,
              scheduling: 'lifo',
              maxTotalSockets: Infinity,
              totalSocketCount: 1,
              maxCachedSessions: 100,
              _sessionCache: {
                map: {
                  'generativelanguage.googleapis.com:443:::::::::::::::::::::': <Buffer 30 82 07 6f 02 01 01 02 02 03 04 04 02 13 02 04 20 d0 05 51 0e b7 58 53 fe 42 50 29 70 f0 86 6d f5 8e b0 e3 50 5e 5a 14 26 98 32 5f 74 98 fa 3a 97 04 ... 1857 more bytes>
                },
                list: [
                  'generativelanguage.googleapis.com:443:::::::::::::::::::::'
                ]
              },
              [Symbol(shapeMode)]: false,
              [Symbol(kCapture)]: false
            },
            host: 'generativelanguage.googleapis.com',
            keepAlive: true,
            scheduling: 'lifo',
            timeout: 5000,
            noDelay: true,
            servername: 'generativelanguage.googleapis.com',
            _agentKey: 'generativelanguage.googleapis.com:443:::::::::::::::::::::',
            encoding: null,
            keepAliveInitialDelay: 1000
          }
        },
        _consuming: true,
        _dumped: false,
        req: [Circular *4],
        _eventsCount: 4,
        responseUrl: 'https://generativelanguage.googleapis.com/v1beta/models/gemini-embedding-2-preview:embedContent?key=AIzaSyAmqPIIk0S-QQeJRHt_zdS4JSZWn4th8uk',
        redirects: [],
        [Symbol(shapeMode)]: true,
        [Symbol(kCapture)]: false,
        [Symbol(kHeaders)]: {
          vary: 'Origin, X-Origin, Referer',
          'content-type': 'application/json; charset=UTF-8',
          date: 'Mon, 13 Apr 2026 11:04:15 GMT',
          server: 'scaffolding on HTTPServer2',
          'x-xss-protection': '0',
          'x-frame-options': 'SAMEORIGIN',
          'x-content-type-options': 'nosniff',
          'server-timing': 'gfet4t7; dur=247',
          'alt-svc': 'h3=":443"; ma=2592000,h3-29=":443"; ma=2592000',
          'transfer-encoding': 'chunked'
        },
        [Symbol(kHeadersCount)]: 26,
        [Symbol(kTrailers)]: null,
        [Symbol(kTrailersCount)]: 0
      },
      aborted: false,
      timeoutCb: null,
      upgradeOrConnect: false,
      parser: null,
      maxHeadersCount: null,
      reusedSocket: true,
      host: 'generativelanguage.googleapis.com',
      protocol: 'https:',
      _redirectable: Writable {
        _events: {
          close: undefined,
          error: [Function: handleRequestError],
          prefinish: undefined,
          finish: undefined,
          drain: undefined,
          response: [Function: handleResponse],
          socket: [
            [Function: handleRequestSocket],
            [Function: destroyOnTimeout]
          ],
          timeout: undefined,
          abort: undefined
        },
        _writableState: WritableState {
          highWaterMark: 16384,
          length: 0,
          corked: 0,
          onwrite: [Function: bound onwrite],
          writelen: 0,
          bufferedIndex: 0,
          pendingcb: 0,
          [Symbol(kState)]: 17580812,
          [Symbol(kBufferedValue)]: null
        },
        _maxListeners: undefined,
        _options: {
          maxRedirects: 21,
          maxBodyLength: Infinity,
          protocol: 'https:',
          path: '/v1beta/models/gemini-embedding-2-preview:embedContent?key=AIzaSyAmqPIIk0S-QQeJRHt_zdS4JSZWn4th8uk',
          method: 'POST',
          headers: [Object: null prototype] {
            Accept: 'application/json, text/plain, */*',
            'Content-Type': 'application/json',
            'User-Agent': 'axios/1.13.2',
            'Content-Length': '191',
            'Accept-Encoding': 'gzip, compress, deflate, br'
          },
          agents: { http: undefined, https: undefined },
          auth: undefined,
          family: undefined,
          beforeRedirect: [Function: dispatchBeforeRedirect],
          beforeRedirects: { proxy: [Function: beforeRedirect] },
          http2Options: undefined,
          hostname: 'generativelanguage.googleapis.com',
          port: '',
          agent: undefined,
          nativeProtocols: <ref *5> {
            'http:': {
              _connectionListener: [Function: connectionListener],
              METHODS: [
                'ACL',        'BIND',        'CHECKOUT',
                'CONNECT',    'COPY',        'DELETE',
                'GET',        'HEAD',        'LINK',
                'LOCK',       'M-SEARCH',    'MERGE',
                'MKACTIVITY', 'MKCALENDAR',  'MKCOL',
                'MOVE',       'NOTIFY',      'OPTIONS',
                'PATCH',      'POST',        'PROPFIND',
                'PROPPATCH',  'PURGE',       'PUT',
                'QUERY',      'REBIND',      'REPORT',
                'SEARCH',     'SOURCE',      'SUBSCRIBE',
                'TRACE',      'UNBIND',      'UNLINK',
                'UNLOCK',     'UNSUBSCRIBE'
              ],
              STATUS_CODES: {
                '100': 'Continue',
                '101': 'Switching Protocols',
                '102': 'Processing',
                '103': 'Early Hints',
                '200': 'OK',
                '201': 'Created',
                '202': 'Accepted',
                '203': 'Non-Authoritative Information',
                '204': 'No Content',
                '205': 'Reset Content',
                '206': 'Partial Content',
                '207': 'Multi-Status',
                '208': 'Already Reported',
                '226': 'IM Used',
                '300': 'Multiple Choices',
                '301': 'Moved Permanently',
                '302': 'Found',
                '303': 'See Other',
                '304': 'Not Modified',
                '305': 'Use Proxy',
                '307': 'Temporary Redirect',
                '308': 'Permanent Redirect',
                '400': 'Bad Request',
                '401': 'Unauthorized',
                '402': 'Payment Required',
                '403': 'Forbidden',
                '404': 'Not Found',
                '405': 'Method Not Allowed',
                '406': 'Not Acceptable',
                '407': 'Proxy Authentication Required',
                '408': 'Request Timeout',
                '409': 'Conflict',
                '410': 'Gone',
                '411': 'Length Required',
                '412': 'Precondition Failed',
                '413': 'Payload Too Large',
                '414': 'URI Too Long',
                '415': 'Unsupported Media Type',
                '416': 'Range Not Satisfiable',
                '417': 'Expectation Failed',
                '418': "I'm a Teapot",
                '421': 'Misdirected Request',
                '422': 'Unprocessable Entity',
                '423': 'Locked',
                '424': 'Failed Dependency',
                '425': 'Too Early',
                '426': 'Upgrade Required',
                '428': 'Precondition Required',
                '429': 'Too Many Requests',
                '431': 'Request Header Fields Too Large',
                '451': 'Unavailable For Legal Reasons',
                '500': 'Internal Server Error',
                '501': 'Not Implemented',
                '502': 'Bad Gateway',
                '503': 'Service Unavailable',
                '504': 'Gateway Timeout',
                '505': 'HTTP Version Not Supported',
                '506': 'Variant Also Negotiates',
                '507': 'Insufficient Storage',
                '508': 'Loop Detected',
                '509': 'Bandwidth Limit Exceeded',
                '510': 'Not Extended',
                '511': 'Network Authentication Required'
              },
              Agent: [Function: Agent] { defaultMaxSockets: Infinity },
              ClientRequest: [Function: ClientRequest],
              IncomingMessage: [Function: IncomingMessage],
              OutgoingMessage: [Function: OutgoingMessage],
              Server: [Function: Server],
              ServerResponse: [Function: ServerResponse],
              createServer: [Function: createServer],
              validateHeaderName: [Function: wrappedFn] {
                withoutStackTrace: [Function (anonymous)]
              },
              validateHeaderValue: [Function: wrappedFn] {
                withoutStackTrace: [Function (anonymous)]
              },
              get: [Function: get],
              request: [Function: request],
              setMaxIdleHTTPParsers: [Function: setMaxIdleHTTPParsers],
              maxHeaderSize: [Getter],
              globalAgent: [Getter/Setter]
            },
            'https:': {
              Agent: [Function: Agent],
              globalAgent: <ref *3> Agent {
                _events: [Object: null prototype] {
                  free: [Function (anonymous)],
                  newListener: [Function: maybeEnableKeylog]
                },
                _eventsCount: 2,
                _maxListeners: undefined,
                defaultPort: 443,
                protocol: 'https:',
                options: [Object: null prototype] {
                  keepAlive: true,
                  scheduling: 'lifo',
                  timeout: 5000,
                  noDelay: true,
                  path: null
                },
                requests: [Object: null prototype] {},
                sockets: [Object: null prototype] {},
                freeSockets: [Object: null prototype] {
                  'generativelanguage.googleapis.com:443:::::::::::::::::::::': [
                    <ref *1> TLSSocket {
                      _tlsOptions: {
                        allowHalfOpen: undefined,
                        pipe: false,
                        secureContext: SecureContext { context: SecureContext {} },
                        isServer: false,
                        requestCert: true,
                        rejectUnauthorized: true,
                        session: undefined,
                        ALPNProtocols: undefined,
                        requestOCSP: undefined,
                        enableTrace: undefined,
                        pskCallback: undefined,
                        highWaterMark: undefined,
                        onread: undefined,
                        signal: undefined
                      },
                      _secureEstablished: true,
                      _securePending: false,
                      _newSessionPending: false,
                      _controlReleased: true,
                      secureConnecting: false,
                      _SNICallback: null,
                      servername: 'generativelanguage.googleapis.com',
                      alpnProtocol: false,
                      authorized: true,
                      authorizationError: null,
                      encrypted: true,
                      _events: [Object: null prototype] {
                        close: [
                          [Function: onSocketCloseDestroySSL],
                          [Function: bound onceWrapper] {
                            listener: [Function (anonymous)]
                          },
                          [Function: onClose]
                        ],
                        end: [Function: onReadableStreamEnd],
                        error: [Function: bound onceWrapper] {
                          listener: [Function: freeSocketErrorListener]
                        },
                        newListener: [Function: keylogNewListener],
                        connect: undefined,
                        secure: [Function: onConnectSecure],
                        session: [Function (anonymous)],
                        free: [Function: onFree],
                        timeout: [
                          [Function: onTimeout],
                          [Function (anonymous)]
                        ],
                        agentRemove: [Function: onRemove],
                        data: undefined,
                        drain: undefined
                      },
                      _eventsCount: 9,
                      connecting: false,
                      _hadError: false,
                      _parent: null,
                      _host: 'generativelanguage.googleapis.com',
                      _closeAfterHandlingError: false,
                      _readableState: ReadableState {
                        highWaterMark: 16384,
                        buffer: [],
                        bufferIndex: 0,
                        length: 0,
                        pipes: [],
                        awaitDrainWriters: null,
                        [Symbol(kState)]: 60303620
                      },
                      _writableState: WritableState {
                        highWaterMark: 16384,
                        length: 0,
                        corked: 0,
                        onwrite: [Function: bound onwrite],
                        writelen: 0,
                        bufferedIndex: 0,
                        pendingcb: 0,
                        [Symbol(kState)]: 17563908,
                        [Symbol(kBufferedValue)]: null,
                        [Symbol(kWriteCbValue)]: null
                      },
                      allowHalfOpen: false,
                      _maxListeners: undefined,
                      _sockname: null,
                      _pendingData: null,
                      _pendingEncoding: '',
                      server: undefined,
                      _server: null,
                      ssl: <ref *2> TLSWrap {
                        _parent: TCP {
                          reading: [Getter/Setter],
                          onconnection: null,
                          [Symbol(owner_symbol)]: [Circular *1]
                        },
                        _parentWrap: null,
                        _secureContext: SecureContext { context: SecureContext {} },
                        reading: true,
                        onkeylog: [Function: onkeylog],
                        onhandshakestart: [Function: noop],
                        onhandshakedone: [Function (anonymous)],
                        onocspresponse: [Function: onocspresponse],
                        onnewsession: [Function: onnewsessionclient],
                        onerror: [Function: onerror],
                        [Symbol(owner_symbol)]: [Circular *1],
                        [Symbol(resource_symbol)]: ReusedHandle {
                          type: 57,
                          handle: [Circular *2]
                        }
                      },
                      _requestCert: true,
                      _rejectUnauthorized: true,
                      timeout: 5000,
                      parser: null,
                      _httpMessage: null,
                      autoSelectFamilyAttemptedAddresses: [ '142.250.74.10:443' ],
                      [Symbol(alpncallback)]: null,
                      [Symbol(res)]: <ref *2> TLSWrap {
                        _parent: TCP {
                          reading: [Getter/Setter],
                          onconnection: null,
                          [Symbol(owner_symbol)]: [Circular *1]
                        },
                        _parentWrap: null,
                        _secureContext: SecureContext { context: SecureContext {} },
                        reading: true,
                        onkeylog: [Function: onkeylog],
                        onhandshakestart: [Function: noop],
                        onhandshakedone: [Function (anonymous)],
                        onocspresponse: [Function: onocspresponse],
                        onnewsession: [Function: onnewsessionclient],
                        onerror: [Function: onerror],
                        [Symbol(owner_symbol)]: [Circular *1],
                        [Symbol(resource_symbol)]: ReusedHandle {
                          type: 57,
                          handle: [Circular *2]
                        }
                      },
                      [Symbol(verified)]: true,
                      [Symbol(pendingSession)]: null,
                      [Symbol(async_id_symbol)]: -1,
                      [Symbol(kHandle)]: <ref *2> TLSWrap {
                        _parent: TCP {
                          reading: [Getter/Setter],
                          onconnection: null,
                          [Symbol(owner_symbol)]: [Circular *1]
                        },
                        _parentWrap: null,
                        _secureContext: SecureContext { context: SecureContext {} },
                        reading: true,
                        onkeylog: [Function: onkeylog],
                        onhandshakestart: [Function: noop],
                        onhandshakedone: [Function (anonymous)],
                        onocspresponse: [Function: onocspresponse],
                        onnewsession: [Function: onnewsessionclient],
                        onerror: [Function: onerror],
                        [Symbol(owner_symbol)]: [Circular *1],
                        [Symbol(resource_symbol)]: ReusedHandle {
                          type: 57,
                          handle: [Circular *2]
                        }
                      },
                      [Symbol(lastWriteQueueSize)]: 0,
                      [Symbol(timeout)]: Timeout {
                        _idleTimeout: 5000,
                        _idlePrev: [TimersList],
                        _idleNext: [TimersList],
                        _idleStart: 43836,
                        _onTimeout: [Function: bound ],
                        _timerArgs: undefined,
                        _repeat: null,
                        _destroyed: false,
                        [Symbol(refed)]: false,
                        [Symbol(kHasPrimitive)]: false,
                        [Symbol(asyncId)]: 901,
                        [Symbol(triggerId)]: 899
                      },
                      [Symbol(kBuffer)]: null,
                      [Symbol(kBufferCb)]: null,
                      [Symbol(kBufferGen)]: null,
                      [Symbol(shapeMode)]: true,
                      [Symbol(kCapture)]: false,
                      [Symbol(kSetNoDelay)]: false,
                      [Symbol(kSetKeepAlive)]: true,
                      [Symbol(kSetKeepAliveInitialDelay)]: 1,
                      [Symbol(kBytesRead)]: 0,
                      [Symbol(kBytesWritten)]: 0,
                      [Symbol(connect-options)]: {
                        rejectUnauthorized: true,
                        ciphers: 'TLS_AES_256_GCM_SHA384:TLS_CHACHA20_POLY1305_SHA256:TLS_AES_128_GCM_SHA256:ECDHE-RSA-AES128-GCM-SHA256:ECDHE-ECDSA-AES128-GCM-SHA256:ECDHE-RSA-AES256-GCM-SHA384:ECDHE-ECDSA-AES256-GCM-SHA384:DHE-RSA-AES128-GCM-SHA256:ECDHE-RSA-AES128-SHA256:DHE-RSA-AES128-SHA256:ECDHE-RSA-AES256-SHA384:DHE-RSA-AES256-SHA384:ECDHE-RSA-AES256-SHA256:DHE-RSA-AES256-SHA256:HIGH:!aNULL:!eNULL:!EXPORT:!DES:!RC4:!MD5:!PSK:!SRP:!CAMELLIA',
                        checkServerIdentity: [Function: checkServerIdentity],
                        minDHSize: 1024,
                        maxRedirects: 21,
                        maxBodyLength: Infinity,
                        protocol: 'https:',
                        path: null,
                        method: 'POST',
                        headers: [Object: null prototype] {
                          Accept: 'application/json, text/plain, */*',
                          'Content-Type': 'application/json',
                          'User-Agent': 'axios/1.13.2',
                          'Content-Length': '191',
                          'Accept-Encoding': 'gzip, compress, deflate, br'
                        },
                        agents: { http: undefined, https: undefined },
                        auth: undefined,
                        family: undefined,
                        beforeRedirect: [Function: dispatchBeforeRedirect],
                        beforeRedirects: { proxy: [Function: beforeRedirect] },
                        http2Options: undefined,
                        hostname: 'generativelanguage.googleapis.com',
                        port: 443,
                        agent: undefined,
                        nativeProtocols: [Circular *5],
                        pathname: '/v1beta/models/gemini-embedding-2-preview:embedContent',
                        search: '?key=AIzaSyAmqPIIk0S-QQeJRHt_zdS4JSZWn4th8uk',
                        _defaultAgent: [Circular *3],
                        host: 'generativelanguage.googleapis.com',
                        keepAlive: true,
                        scheduling: 'lifo',
                        timeout: 5000,
                        noDelay: true,
                        servername: 'generativelanguage.googleapis.com',
                        _agentKey: 'generativelanguage.googleapis.com:443:::::::::::::::::::::',
                        encoding: null,
                        keepAliveInitialDelay: 1000
                      }
                    }
                  ]
                },
                keepAliveMsecs: 1000,
                keepAlive: true,
                maxSockets: Infinity,
                maxFreeSockets: 256,
                scheduling: 'lifo',
                maxTotalSockets: Infinity,
                totalSocketCount: 1,
                maxCachedSessions: 100,
                _sessionCache: {
                  map: {
                    'generativelanguage.googleapis.com:443:::::::::::::::::::::': <Buffer 30 82 07 6f 02 01 01 02 02 03 04 04 02 13 02 04 20 d0 05 51 0e b7 58 53 fe 42 50 29 70 f0 86 6d f5 8e b0 e3 50 5e 5a 14 26 98 32 5f 74 98 fa 3a 97 04 ... 1857 more bytes>
                  },
                  list: [
                    'generativelanguage.googleapis.com:443:::::::::::::::::::::'
                  ]
                },
                [Symbol(shapeMode)]: false,
                [Symbol(kCapture)]: false
              },
              Server: [Function: Server],
              createServer: [Function: createServer],
              get: [Function: get],
              request: [Function: request]
            }
          },
          pathname: '/v1beta/models/gemini-embedding-2-preview:embedContent',
          search: '?key=AIzaSyAmqPIIk0S-QQeJRHt_zdS4JSZWn4th8uk'
        },
        _ended: true,
        _ending: true,
        _redirectCount: 0,
        _redirects: [],
        _requestBodyLength: 191,
        _requestBodyBuffers: [],
        _eventsCount: 3,
        _onNativeResponse: [Function (anonymous)],
        _currentRequest: [Circular *4],
        _currentUrl: 'https://generativelanguage.googleapis.com/v1beta/models/gemini-embedding-2-preview:embedContent?key=AIzaSyAmqPIIk0S-QQeJRHt_zdS4JSZWn4th8uk',
        _timeout: null,
        [Symbol(shapeMode)]: true,
        [Symbol(kCapture)]: false
      },
      [Symbol(shapeMode)]: false,
      [Symbol(kCapture)]: false,
      [Symbol(kBytesWritten)]: 0,
      [Symbol(kNeedDrain)]: false,
      [Symbol(corked)]: 0,
      [Symbol(kOutHeaders)]: [Object: null prototype] {
        accept: [ 'Accept', 'application/json, text/plain, */*' ],
        'content-type': [ 'Content-Type', 'application/json' ],
        'user-agent': [ 'User-Agent', 'axios/1.13.2' ],
        'content-length': [ 'Content-Length', '191' ],
        'accept-encoding': [ 'Accept-Encoding', 'gzip, compress, deflate, br' ],
        host: [ 'Host', 'generativelanguage.googleapis.com' ]
      },
      [Symbol(errored)]: null,
      [Symbol(kHighWaterMark)]: 16384,
      [Symbol(kRejectNonStandardBodyWrites)]: false,
      [Symbol(kUniqueHeaders)]: null
    },
    data: {
      error: {
        code: 429,
        message: 'Resource exhausted. Please try again later. Please refer to https://cloud.google.com/vertex-ai/generative-ai/docs/error-code-429 for more details.',
        status: 'RESOURCE_EXHAUSTED'
      }
    }
  },
  status: 429
}
[INFO] 2026-04-13T11:04:12.737Z - Update 516923063 processed in 3645ms
PS D:\Shakhzod\Javascript\Probox_TelegramBot>